<html>
<body>
<pre>
<h1>µVision Build Log</h1>
<h2>Tool Versions:</h2>
IDE-Version: ¦ÌVision V5.23.0.0
Copyright (C) 2017 ARM Ltd and ARM Germany GmbH. All rights reserved.
License Information: wang xianfei, bupt, LIC=YA39H-WHQQP-ARVXW-QDJLS-F78GM-17R98
 
Tool Versions:
Toolchain:       MDK-ARM Plus  Version: 5.23
Toolchain Path:  C:\Keil_v5\ARM\ARMCC\Bin
C Compiler:      Armcc.exe V5.06 update 4 (build 422)
Assembler:       Armasm.exe V5.06 update 4 (build 422)
Linker/Locator:  ArmLink.exe V5.06 update 4 (build 422)
Library Manager: ArmAr.exe V5.06 update 4 (build 422)
Hex Converter:   FromElf.exe V5.06 update 4 (build 422)
CPU DLL:         SARMCM3.DLL V5.23
Dialog DLL:      DCM.DLL V1.15.0.0
Target DLL:      STLink\ST-LINKIII-KEIL_SWO.dll V2.0.18.0
Dialog DLL:      TCM.DLL V1.27.0.0
 
<h2>Project:</h2>
C:\Users\xianfei\Desktop\Demo12\23_ucosii_mulit_task\MDK-ARM\ucosii_led.uvprojx
Project File Date:  11/19/2020

<h2>Output:</h2>
*** Using Compiler 'V5.06 update 4 (build 422)', folder: 'C:\Keil_v5\ARM\ARMCC\Bin'
Build target 'ucosii_led'
compiling uCOSII_Demo.c...
..\User\uCOSII_Demo.c(89): warning:  #167-D: argument of type "void (*)(OS_TMR *, void *)" is incompatible with parameter of type "OS_TMR_CALLBACK"
  	Timer1 = OSTmrCreate(0,8,
S_TMR_OPT_PERIODIC,task1,
ULL,
ULL,&errorCode1);
..\User\uCOSII_Demo.c(93): warning:  #167-D: argument of type "void (*)(OS_TMR *, void *)" is incompatible with parameter of type "OS_TMR_CALLBACK"
  	Timer2 = OSTmrCreate(0,1,
S_TMR_OPT_PERIODIC,task2,
ULL,
ULL,&errorCode2);
..\User\uCOSII_Demo.c: 2 warnings, 0 errors
linking...
Program Size: Code=11716 RO-data=704 RW-data=144 ZI-data=6136  
"ucosii_led\ucosii_led.axf" - 0 Error(s), 2 Warning(s).

<h2>Software Packages used:</h2>

Package Vendor: ARM
                http://www.keil.com/pack/ARM.CMSIS.5.0.1.pack
                ARM::CMSIS:CORE:5.0.1
                CMSIS (Cortex Microcontroller Software Interface Standard)
   * Component: CORE Version: 5.0.1

<h2>Collection of Component include folders:</h2>
  .\RTE\_ucosii_led
  C:\Keil_v5\ARM\PACK\ARM\CMSIS\5.0.1\CMSIS\Include
  C:\Keil_v5\ARM\PACK\Keil\STM32F4xx_DFP\2.7.0\Drivers\CMSIS\Device\ST\STM32F4xx\Include

<h2>Collection of Component Files used:</h2>

   * Component: ARM::CMSIS:CORE:5.0.1
Build Time Elapsed:  00:00:05
</pre>
</body>
</html>
