Component: ARM Compiler 5.06 update 4 (build 422) Tool: armlink [4d35d2]

==============================================================================

Section Cross References

    system_stm32f4xx.o(i.SystemCoreClockUpdate) refers to system_stm32f4xx.o(.data) for .data
    system_stm32f4xx.o(i.SystemCoreClockUpdate) refers to system_stm32f4xx.o(.constdata) for .constdata
    os_cpu_c.o(i.OSInitHookBegin) refers to os_cpu_c.o(.bss) for .bss
    os_cpu_c.o(i.OSInitHookBegin) refers to os_cpu_c.o(.data) for .data
    os_cpu_c.o(i.OSTaskStkInit) refers to os_task.o(i.OS_TaskReturn) for OS_TaskReturn
    os_cpu_c.o(i.OSTimeTickHook) refers to os_tmr.o(i.OSTmrSignal) for OSTmrSignal
    os_cpu_c.o(i.OSTimeTickHook) refers to os_cpu_c.o(.data) for .data
    os_cpu_c.o(i.OS_CPU_SysTickHandler) refers to os_cpu_a.o(.text) for OS_CPU_SR_Save
    os_cpu_c.o(i.OS_CPU_SysTickHandler) refers to os_core.o(i.OSTimeTick) for OSTimeTick
    os_cpu_c.o(i.OS_CPU_SysTickHandler) refers to os_core.o(i.OSIntExit) for OSIntExit
    os_cpu_c.o(i.OS_CPU_SysTickHandler) refers to os_core.o(.data) for OSIntNesting
    os_cpu_a.o(.text) refers to os_cpu_c.o(.data) for OS_CPU_ExceptStkBase
    os_cpu_a.o(.text) refers to os_core.o(.data) for OSRunning
    os_cpu_a.o(.text) refers to os_cpu_c.o(i.OSTaskSwHook) for OSTaskSwHook
    os_core.o(i.OSInit) refers to os_cpu_c.o(i.OSInitHookBegin) for OSInitHookBegin
    os_core.o(i.OSInit) refers to os_core.o(i.OS_InitTCBList) for OS_InitTCBList
    os_core.o(i.OSInit) refers to os_core.o(i.OS_MemClr) for OS_MemClr
    os_core.o(i.OSInit) refers to os_mem.o(i.OS_MemInit) for OS_MemInit
    os_core.o(i.OSInit) refers to os_q.o(i.OS_QInit) for OS_QInit
    os_core.o(i.OSInit) refers to os_task.o(i.OSTaskCreateExt) for OSTaskCreateExt
    os_core.o(i.OSInit) refers to os_task.o(i.OSTaskNameSet) for OSTaskNameSet
    os_core.o(i.OSInit) refers to os_tmr.o(i.OSTmr_Init) for OSTmr_Init
    os_core.o(i.OSInit) refers to os_cpu_c.o(i.OSInitHookEnd) for OSInitHookEnd
    os_core.o(i.OSInit) refers to os_core.o(.data) for .data
    os_core.o(i.OSInit) refers to os_core.o(.bss) for .bss
    os_core.o(i.OSInit) refers to os_core.o(i.OS_TaskIdle) for OS_TaskIdle
    os_core.o(i.OSIntEnter) refers to os_core.o(.data) for .data
    os_core.o(i.OSIntExit) refers to os_cpu_a.o(.text) for OS_CPU_SR_Save
    os_core.o(i.OSIntExit) refers to os_core.o(i.OS_SchedNew) for OS_SchedNew
    os_core.o(i.OSIntExit) refers to os_core.o(.data) for .data
    os_core.o(i.OSIntExit) refers to os_core.o(.bss) for .bss
    os_core.o(i.OSSchedLock) refers to os_cpu_a.o(.text) for OS_CPU_SR_Save
    os_core.o(i.OSSchedLock) refers to os_core.o(.data) for .data
    os_core.o(i.OSSchedUnlock) refers to os_cpu_a.o(.text) for OS_CPU_SR_Save
    os_core.o(i.OSSchedUnlock) refers to os_core.o(i.OS_Sched) for OS_Sched
    os_core.o(i.OSSchedUnlock) refers to os_core.o(.data) for .data
    os_core.o(i.OSStart) refers to os_core.o(i.OS_SchedNew) for OS_SchedNew
    os_core.o(i.OSStart) refers to os_cpu_a.o(.text) for OSStartHighRdy
    os_core.o(i.OSStart) refers to os_core.o(.data) for .data
    os_core.o(i.OSStart) refers to os_core.o(.bss) for .bss
    os_core.o(i.OSTimeTick) refers to os_cpu_c.o(i.OSTimeTickHook) for OSTimeTickHook
    os_core.o(i.OSTimeTick) refers to os_cpu_a.o(.text) for OS_CPU_SR_Save
    os_core.o(i.OSTimeTick) refers to os_core.o(.data) for .data
    os_core.o(i.OS_EventTaskRdy) refers to os_core.o(i.OS_EventTaskRemove) for OS_EventTaskRemove
    os_core.o(i.OS_EventTaskRdy) refers to os_core.o(.constdata) for .constdata
    os_core.o(i.OS_EventTaskRdy) refers to os_core.o(.bss) for .bss
    os_core.o(i.OS_EventTaskRdy) refers to os_core.o(.data) for .data
    os_core.o(i.OS_EventTaskWait) refers to os_core.o(.data) for .data
    os_core.o(i.OS_InitTCBList) refers to os_core.o(i.OS_MemClr) for OS_MemClr
    os_core.o(i.OS_InitTCBList) refers to os_core.o(.bss) for .bss
    os_core.o(i.OS_InitTCBList) refers to os_core.o(.data) for .data
    os_core.o(i.OS_Sched) refers to os_cpu_a.o(.text) for OS_CPU_SR_Save
    os_core.o(i.OS_Sched) refers to os_core.o(i.OS_SchedNew) for OS_SchedNew
    os_core.o(i.OS_Sched) refers to os_core.o(.data) for .data
    os_core.o(i.OS_Sched) refers to os_core.o(.bss) for .bss
    os_core.o(i.OS_SchedNew) refers to os_core.o(.constdata) for .constdata
    os_core.o(i.OS_SchedNew) refers to os_core.o(.data) for .data
    os_core.o(i.OS_TCBInit) refers to os_cpu_a.o(.text) for OS_CPU_SR_Save
    os_core.o(i.OS_TCBInit) refers to os_cpu_c.o(i.OSTCBInitHook) for OSTCBInitHook
    os_core.o(i.OS_TCBInit) refers to os_cpu_c.o(i.OSTaskCreateHook) for OSTaskCreateHook
    os_core.o(i.OS_TCBInit) refers to os_core.o(.data) for .data
    os_core.o(i.OS_TCBInit) refers to os_core.o(.bss) for .bss
    os_core.o(i.OS_TaskIdle) refers to os_cpu_a.o(.text) for OS_CPU_SR_Save
[...]
    Removing stm32f4xx_hal_pwr.o(i.HAL_PWR_PVDCallback), (2 bytes).
    Removing stm32f4xx_hal_pwr.o(i.HAL_PWR_PVD_IRQHandler), (28 bytes).
    Removing stm32f4xx_hal_flash_ex.o(.rev16_text), (4 bytes).
    Removing stm32f4xx_hal_flash_ex.o(.revsh_text), (4 bytes).
    Removing stm32f4xx_hal_flash_ex.o(.rrx_text), (6 bytes).
    Removing stm32f4xx_hal_flash_ex.o(i.FLASH_Erase_Sector), (88 bytes).
    Removing stm32f4xx_hal_flash_ex.o(i.FLASH_FlushCaches), (84 bytes).
    Removing stm32f4xx_hal_flash_ex.o(i.FLASH_MassErase), (40 bytes).
    Removing stm32f4xx_hal_flash_ex.o(i.HAL_FLASHEx_Erase), (152 bytes).
    Removing stm32f4xx_hal_flash_ex.o(i.HAL_FLASHEx_Erase_IT), (104 bytes).
    Removing stm32f4xx_hal_flash_ex.o(i.HAL_FLASHEx_OBGetConfig), (64 bytes).
    Removing stm32f4xx_hal_flash_ex.o(i.HAL_FLASHEx_OBProgram), (204 bytes).
    Removing stm32f4xx_hal_uart.o(.rev16_text), (4 bytes).
    Removing stm32f4xx_hal_uart.o(.revsh_text), (4 bytes).
    Removing stm32f4xx_hal_uart.o(.rrx_text), (6 bytes).
    Removing stm32f4xx_hal_uart.o(i.HAL_HalfDuplex_EnableReceiver), (50 bytes).
    Removing stm32f4xx_hal_uart.o(i.HAL_HalfDuplex_EnableTransmitter), (50 bytes).
    Removing stm32f4xx_hal_uart.o(i.HAL_HalfDuplex_Init), (108 bytes).
    Removing stm32f4xx_hal_uart.o(i.HAL_LIN_Init), (128 bytes).
    Removing stm32f4xx_hal_uart.o(i.HAL_LIN_SendBreak), (46 bytes).
    Removing stm32f4xx_hal_uart.o(i.HAL_MultiProcessor_EnterMuteMode), (46 bytes).
    Removing stm32f4xx_hal_uart.o(i.HAL_MultiProcessor_ExitMuteMode), (46 bytes).
    Removing stm32f4xx_hal_uart.o(i.HAL_MultiProcessor_Init), (142 bytes).
    Removing stm32f4xx_hal_uart.o(i.HAL_UART_Abort), (104 bytes).
    Removing stm32f4xx_hal_uart.o(i.HAL_UART_AbortCpltCallback), (2 bytes).
    Removing stm32f4xx_hal_uart.o(i.HAL_UART_AbortReceive), (68 bytes).
    Removing stm32f4xx_hal_uart.o(i.HAL_UART_AbortReceiveCpltCallback), (2 bytes).
    Removing stm32f4xx_hal_uart.o(i.HAL_UART_AbortReceive_IT), (92 bytes).
    Removing stm32f4xx_hal_uart.o(i.HAL_UART_AbortTransmit), (58 bytes).
    Removing stm32f4xx_hal_uart.o(i.HAL_UART_AbortTransmitCpltCallback), (2 bytes).
    Removing stm32f4xx_hal_uart.o(i.HAL_UART_AbortTransmit_IT), (84 bytes).
    Removing stm32f4xx_hal_uart.o(i.HAL_UART_Abort_IT), (172 bytes).
    Removing stm32f4xx_hal_uart.o(i.HAL_UART_DMAPause), (102 bytes).
    Removing stm32f4xx_hal_uart.o(i.HAL_UART_DMAResume), (94 bytes).
    Removing stm32f4xx_hal_uart.o(i.HAL_UART_DMAStop), (88 bytes).
    Removing stm32f4xx_hal_uart.o(i.HAL_UART_DeInit), (40 bytes).
    Removing stm32f4xx_hal_uart.o(i.HAL_UART_ErrorCallback), (2 bytes).
    Removing stm32f4xx_hal_uart.o(i.HAL_UART_GetError), (4 bytes).
    Removing stm32f4xx_hal_uart.o(i.HAL_UART_GetState), (10 bytes).
    Removing stm32f4xx_hal_uart.o(i.HAL_UART_IRQHandler), (272 bytes).
    Removing stm32f4xx_hal_uart.o(i.HAL_UART_MspDeInit), (2 bytes).
    Removing stm32f4xx_hal_uart.o(i.HAL_UART_MspInit), (2 bytes).
    Removing stm32f4xx_hal_uart.o(i.HAL_UART_Receive), (184 bytes).
    Removing stm32f4xx_hal_uart.o(i.HAL_UART_Receive_DMA), (152 bytes).
    Removing stm32f4xx_hal_uart.o(i.HAL_UART_Receive_IT), (72 bytes).
    Removing stm32f4xx_hal_uart.o(i.HAL_UART_RxCpltCallback), (2 bytes).
    Removing stm32f4xx_hal_uart.o(i.HAL_UART_RxHalfCpltCallback), (2 bytes).
    Removing stm32f4xx_hal_uart.o(i.HAL_UART_Transmit), (186 bytes).
    Removing stm32f4xx_hal_uart.o(i.HAL_UART_Transmit_DMA), (128 bytes).
    Removing stm32f4xx_hal_uart.o(i.HAL_UART_Transmit_IT), (62 bytes).
    Removing stm32f4xx_hal_uart.o(i.HAL_UART_TxCpltCallback), (2 bytes).
    Removing stm32f4xx_hal_uart.o(i.HAL_UART_TxHalfCpltCallback), (2 bytes).
    Removing stm32f4xx_hal_uart.o(i.UART_DMAAbortOnError), (16 bytes).
    Removing stm32f4xx_hal_uart.o(i.UART_DMAError), (74 bytes).
    Removing stm32f4xx_hal_uart.o(i.UART_DMAReceiveCplt), (60 bytes).
    Removing stm32f4xx_hal_uart.o(i.UART_DMARxAbortCallback), (42 bytes).
    Removing stm32f4xx_hal_uart.o(i.UART_DMARxHalfCplt), (10 bytes).
    Removing stm32f4xx_hal_uart.o(i.UART_DMARxOnlyAbortCallback), (20 bytes).
    Removing stm32f4xx_hal_uart.o(i.UART_DMATransmitCplt), (46 bytes).
    Removing stm32f4xx_hal_uart.o(i.UART_DMATxAbortCallback), (42 bytes).
    Removing stm32f4xx_hal_uart.o(i.UART_DMATxHalfCplt), (10 bytes).
    Removing stm32f4xx_hal_uart.o(i.UART_DMATxOnlyAbortCallback), (20 bytes).
    Removing stm32f4xx_hal_uart.o(i.UART_EndRxTransfer), (28 bytes).
    Removing stm32f4xx_hal_uart.o(i.UART_EndTxTransfer), (18 bytes).
    Removing stm32f4xx_hal_uart.o(i.UART_Receive_IT), (140 bytes).
    Removing stm32f4xx_hal_uart.o(i.UART_Transmit_IT), (98 bytes).
    Removing stm32f4xx_hal_uart.o(i.UART_WaitOnFlagUntilTimeout), (100 bytes).
    Removing ucosii_demo.o(.rev16_text), (4 bytes).
    Removing ucosii_demo.o(.revsh_text), (4 bytes).
    Removing ucosii_demo.o(.rrx_text), (6 bytes).
    Removing usart_it.o(.rev16_text), (4 bytes).
    Removing usart_it.o(.revsh_text), (4 bytes).
    Removing usart_it.o(.rrx_text), (6 bytes).
    Removing usart_it.o(i.Uart_Sendbuf_Get), (60 bytes).
    Removing keyscan_demo.o(.rev16_text), (4 bytes).
    Removing keyscan_demo.o(.revsh_text), (4 bytes).
    Removing keyscan_demo.o(.rrx_text), (6 bytes).
    Removing keyscan_demo.o(i.KEYx_Down_Process), (52 bytes).
    Removing keyscan_demo.o(i.Task_KeyScan_Creat), (40 bytes).
    Removing keyscan_demo.o(i.task_keyscan), (424 bytes).
    Removing keyscan_demo.o(.bss), (512 bytes).
    Removing keyscan_demo.o(.data), (5 bytes).
    Removing message.o(.rev16_text), (4 bytes).
    Removing message.o(.revsh_text), (4 bytes).
    Removing message.o(.rrx_text), (6 bytes).
    Removing message.o(i.Msg_MemPut), (16 bytes).
    Removing message.o(i.Msg_SendShort), (96 bytes).

314 unused section(s) (total 19867 bytes) removed from the image.

==============================================================================

Image Symbol Table

    Local Symbols

    Symbol Name                              Value     Ov Type        Size  Object(Section)

    ../Drivers/STM32F4xx_HAL_Driver/Src/stm32f4xx_hal.c 0x00000000   Number         0  stm32f4xx_hal.o ABSOLUTE
    ../Drivers/STM32F4xx_HAL_Driver/Src/stm32f4xx_hal_cortex.c 0x00000000   Number         0  stm32f4xx_hal_cortex.o ABSOLUTE
    ../Drivers/STM32F4xx_HAL_Driver/Src/stm32f4xx_hal_dma.c 0x00000000   Number         0  stm32f4xx_hal_dma.o ABSOLUTE
    ../Drivers/STM32F4xx_HAL_Driver/Src/stm32f4xx_hal_dma_ex.c 0x00000000   Number         0  stm32f4xx_hal_dma_ex.o ABSOLUTE
    ../Drivers/STM32F4xx_HAL_Driver/Src/stm32f4xx_hal_flash.c 0x00000000   Number         0  stm32f4xx_hal_flash.o ABSOLUTE
    ../Drivers/STM32F4xx_HAL_Driver/Src/stm32f4xx_hal_flash_ex.c 0x00000000   Number         0  stm32f4xx_hal_flash_ex.o ABSOLUTE
    ../Drivers/STM32F4xx_HAL_Driver/Src/stm32f4xx_hal_flash_ramfunc.c 0x00000000   Number         0  stm32f4xx_hal_flash_ramfunc.o ABSOLUTE
    ../Drivers/STM32F4xx_HAL_Driver/Src/stm32f4xx_hal_gpio.c 0x00000000   Number         0  stm32f4xx_hal_gpio.o ABSOLUTE
    ../Drivers/STM32F4xx_HAL_Driver/Src/stm32f4xx_hal_pwr.c 0x00000000   Number         0  stm32f4xx_hal_pwr.o ABSOLUTE
    ../Drivers/STM32F4xx_HAL_Driver/Src/stm32f4xx_hal_pwr_ex.c 0x00000000   Number         0  stm32f4xx_hal_pwr_ex.o ABSOLUTE
    ../Drivers/STM32F4xx_HAL_Driver/Src/stm32f4xx_hal_rcc.c 0x00000000   Number         0  stm32f4xx_hal_rcc.o ABSOLUTE
    ../Drivers/STM32F4xx_HAL_Driver/Src/stm32f4xx_hal_rcc_ex.c 0x00000000   Number         0  stm32f4xx_hal_rcc_ex.o ABSOLUTE
    ../Drivers/STM32F4xx_HAL_Driver/Src/stm32f4xx_hal_tim.c 0x00000000   Number         0  stm32f4xx_hal_tim.o ABSOLUTE
    ../Drivers/STM32F4xx_HAL_Driver/Src/stm32f4xx_hal_tim_ex.c 0x00000000   Number         0  stm32f4xx_hal_tim_ex.o ABSOLUTE
    ../Drivers/STM32F4xx_HAL_Driver/Src/stm32f4xx_hal_uart.c 0x00000000   Number         0  stm32f4xx_hal_uart.o ABSOLUTE
    ../Src/gpio.c                            0x00000000   Number         0  gpio.o ABSOLUTE
    ../Src/main.c                            0x00000000   Number         0  main.o ABSOLUTE
    ../Src/stm32f4xx_hal_msp.c               0x00000000   Number         0  stm32f4xx_hal_msp.o ABSOLUTE
    ../Src/stm32f4xx_it.c                    0x00000000   Number         0  stm32f4xx_it.o ABSOLUTE
    ../Src/system_stm32f4xx.c                0x00000000   Number         0  system_stm32f4xx.o ABSOLUTE
    ../Src/usart.c                           0x00000000   Number         0  usart.o ABSOLUTE
    ../clib/microlib/ctype/ctype.c           0x00000000   Number         0  islower_o.o ABSOLUTE
    ../clib/microlib/ctype/ctype.c           0x00000000   Number         0  isgraph_o.o ABSOLUTE
    ../clib/microlib/ctype/ctype.c           0x00000000   Number         0  iscntrl_o.o ABSOLUTE
    ../clib/microlib/ctype/ctype.c           0x00000000   Number         0  isblank_o.o ABSOLUTE
    ../clib/microlib/ctype/ctype.c           0x00000000   Number         0  isalpha_o.o ABSOLUTE
    ../clib/microlib/ctype/ctype.c           0x00000000   Number         0  isalnum_o.o ABSOLUTE
    ../clib/microlib/ctype/ctype.c           0x00000000   Number         0  ctype_o.o ABSOLUTE
    ../clib/microlib/ctype/ctype.c           0x00000000   Number         0  isdigit_o.o ABSOLUTE
    ../clib/microlib/ctype/ctype.c           0x00000000   Number         0  isxdigit_o.o ABSOLUTE
    ../clib/microlib/ctype/ctype.c           0x00000000   Number         0  isupper_o.o ABSOLUTE
    ../clib/microlib/ctype/ctype.c           0x00000000   Number         0  isspace_o.o ABSOLUTE
    ../clib/microlib/ctype/ctype.c           0x00000000   Number         0  ispunct_o.o ABSOLUTE
    ../clib/microlib/ctype/ctype.c           0x00000000   Number         0  isprint_o.o ABSOLUTE
    ../clib/microlib/division.c              0x00000000   Number         0  uldiv.o ABSOLUTE
    ../clib/microlib/division.c              0x00000000   Number         0  uidiv.o ABSOLUTE
    ../clib/microlib/errno.c                 0x00000000   Number         0  errno.o ABSOLUTE
    ../clib/microlib/init/entry.s            0x00000000   Number         0  entry10a.o ABSOLUTE
    ../clib/microlib/init/entry.s            0x00000000   Number         0  entry10b.o ABSOLUTE
    ../clib/microlib/init/entry.s            0x00000000   Number         0  entry11a.o ABSOLUTE
    ../clib/microlib/init/entry.s            0x00000000   Number         0  entry11b.o ABSOLUTE
    ../clib/microlib/init/entry.s            0x00000000   Number         0  entry5.o ABSOLUTE
    ../clib/microlib/init/entry.s            0x00000000   Number         0  entry.o ABSOLUTE
    ../clib/microlib/init/entry.s            0x00000000   Number         0  entry2.o ABSOLUTE
    ../clib/microlib/init/entry.s            0x00000000   Number         0  entry9b.o ABSOLUTE
    ../clib/microlib/init/entry.s            0x00000000   Number         0  entry7a.o ABSOLUTE
    ../clib/microlib/init/entry.s            0x00000000   Number         0  entry7b.o ABSOLUTE
    ../clib/microlib/init/entry.s            0x00000000   Number         0  entry8a.o ABSOLUTE
    ../clib/microlib/init/entry.s            0x00000000   Number         0  entry8b.o ABSOLUTE
    ../clib/microlib/init/entry.s            0x00000000   Number         0  entry9a.o ABSOLUTE
    ../clib/microlib/longlong.c              0x00000000   Number         0  llsshr.o ABSOLUTE
    ../clib/microlib/longlong.c              0x00000000   Number         0  llushr.o ABSOLUTE
    ../clib/microlib/longlong.c              0x00000000   Number         0  llshl.o ABSOLUTE
    ../clib/microlib/malloc/malloc.c         0x00000000   Number         0  malloc.o ABSOLUTE
    ../clib/microlib/malloc/malloc.c         0x00000000   Number         0  malloca.o ABSOLUTE
    ../clib/microlib/malloc/malloc.c         0x00000000   Number         0  mallocra.o ABSOLUTE
    ../clib/microlib/malloc/malloc.c         0x00000000   Number         0  mallocr.o ABSOLUTE
    ../clib/microlib/malloc/mvars.c          0x00000000   Number         0  mvars.o ABSOLUTE
    ../clib/microlib/printf/printf.c         0x00000000   Number         0  printfa.o ABSOLUTE
    ../clib/microlib/stdio/fputc.c           0x00000000   Number         0  fputc.o ABSOLUTE
    ../clib/microlib/stdio/semi.s            0x00000000   Number         0  semi.o ABSOLUTE
    ../clib/microlib/stdio/streams.c         0x00000000   Number         0  stdout.o ABSOLUTE
    ../clib/microlib/string/memcpy.c         0x00000000   Number         0  memcpyb.o ABSOLUTE
    ../clib/microlib/string/memcpy.c         0x00000000   Number         0  memcpya.o ABSOLUTE
    ../clib/microlib/string/strcmp.c         0x00000000   Number         0  strcmp.o ABSOLUTE
    ../clib/microlib/string/strtok.c         0x00000000   Number         0  strtok_r.o ABSOLUTE
    ../clib/microlib/string/strtok.c         0x00000000   Number         0  strtok.o ABSOLUTE
    ../clib/microlib/stubs.s                 0x00000000   Number         0  iusesemip.o ABSOLUTE
    ../clib/microlib/stubs.s                 0x00000000   Number         0  iusefp.o ABSOLUTE
    ../clib/scanf.c                          0x00000000   Number         0  _chval.o ABSOLUTE
    ../clib/scanf.c                          0x00000000   Number         0  _strtoul.o ABSOLUTE
    ../clib/scanf.c                          0x00000000   Number         0  strtol.o ABSOLUTE
    ../clib/scanf.c                          0x00000000   Number         0  atoi.o ABSOLUTE
    ../fplib/microlib/fpadd.c                0x00000000   Number         0  dadd.o ABSOLUTE
    ../fplib/microlib/fpdiv.c                0x00000000   Number         0  ddiv.o ABSOLUTE
    ../fplib/microlib/fpepilogue.c           0x00000000   Number         0  depilogue.o ABSOLUTE
    ../fplib/microlib/fpfix.c                0x00000000   Number         0  dfixul.o ABSOLUTE
    ../fplib/microlib/fpmul.c                0x00000000   Number         0  dmul.o ABSOLUTE
    ..\Drivers\STM32F4xx_HAL_Driver\Src\stm32f4xx_hal.c 0x00000000   Number         0  stm32f4xx_hal.o ABSOLUTE
    ..\Drivers\STM32F4xx_HAL_Driver\Src\stm32f4xx_hal_cortex.c 0x00000000   Number         0  stm32f4xx_hal_cortex.o ABSOLUTE
    ..\Drivers\STM32F4xx_HAL_Driver\Src\stm32f4xx_hal_dma.c 0x00000000   Number         0  stm32f4xx_hal_dma.o ABSOLUTE
    ..\Drivers\STM32F4xx_HAL_Driver\Src\stm32f4xx_hal_dma_ex.c 0x00000000   Number         0  stm32f4xx_hal_dma_ex.o ABSOLUTE
    ..\Drivers\STM32F4xx_HAL_Driver\Src\stm32f4xx_hal_flash.c 0x00000000   Number         0  stm32f4xx_hal_flash.o ABSOLUTE
    ..\Drivers\STM32F4xx_HAL_Driver\Src\stm32f4xx_hal_flash_ex.c 0x00000000   Number         0  stm32f4xx_hal_flash_ex.o ABSOLUTE
    ..\Drivers\STM32F4xx_HAL_Driver\Src\stm32f4xx_hal_flash_ramfunc.c 0x00000000   Number         0  stm32f4xx_hal_flash_ramfunc.o ABSOLUTE
    ..\Drivers\STM32F4xx_HAL_Driver\Src\stm32f4xx_hal_gpio.c 0x00000000   Number         0  stm32f4xx_hal_gpio.o ABSOLUTE
    ..\Drivers\STM32F4xx_HAL_Driver\Src\stm32f4xx_hal_pwr.c 0x00000000   Number         0  stm32f4xx_hal_pwr.o ABSOLUTE
    ..\Drivers\STM32F4xx_HAL_Driver\Src\stm32f4xx_hal_pwr_ex.c 0x00000000   Number         0  stm32f4xx_hal_pwr_ex.o ABSOLUTE
    ..\Drivers\STM32F4xx_HAL_Driver\Src\stm32f4xx_hal_rcc.c 0x00000000   Number         0  stm32f4xx_hal_rcc.o ABSOLUTE
    ..\Drivers\STM32F4xx_HAL_Driver\Src\stm32f4xx_hal_rcc_ex.c 0x00000000   Number         0  stm32f4xx_hal_rcc_ex.o ABSOLUTE
    ..\Drivers\STM32F4xx_HAL_Driver\Src\stm32f4xx_hal_tim.c 0x00000000   Number         0  stm32f4xx_hal_tim.o ABSOLUTE
    ..\Drivers\STM32F4xx_HAL_Driver\Src\stm32f4xx_hal_tim_ex.c 0x00000000   Number         0  stm32f4xx_hal_tim_ex.o ABSOLUTE
    ..\Drivers\STM32F4xx_HAL_Driver\Src\stm32f4xx_hal_uart.c 0x00000000   Number         0  stm32f4xx_hal_uart.o ABSOLUTE
    ..\Src\gpio.c                            0x00000000   Number         0  gpio.o ABSOLUTE
    ..\Src\main.c                            0x00000000   Number         0  main.o ABSOLUTE
    ..\Src\stm32f4xx_hal_msp.c               0x00000000   Number         0  stm32f4xx_hal_msp.o ABSOLUTE
    ..\Src\stm32f4xx_it.c                    0x00000000   Number         0  stm32f4xx_it.o ABSOLUTE
    ..\Src\system_stm32f4xx.c                0x00000000   Number         0  system_stm32f4xx.o ABSOLUTE
    ..\Src\usart.c                           0x00000000   Number         0  usart.o ABSOLUTE
    ..\User\keyscan_demo.c                   0x00000000   Number         0  keyscan_demo.o ABSOLUTE
    ..\User\message.c                        0x00000000   Number         0  message.o ABSOLUTE
    ..\User\uCOSII_Demo.c                    0x00000000   Number         0  ucosii_demo.o ABSOLUTE
    ..\User\usart_it.c                       0x00000000   Number         0  usart_it.o ABSOLUTE
    ..\\User\\keyscan_demo.c                 0x00000000   Number         0  keyscan_demo.o ABSOLUTE
    ..\\User\\message.c                      0x00000000   Number         0  message.o ABSOLUTE
    ..\\User\\uCOSII_Demo.c                  0x00000000   Number         0  ucosii_demo.o ABSOLUTE
    ..\\User\\usart_it.c                     0x00000000   Number         0  usart_it.o ABSOLUTE
    ..\uCOSii_Port\os_cpu_a.asm              0x00000000   Number         0  os_cpu_a.o ABSOLUTE
    ..\uCOSii_Port\os_cpu_c.c                0x00000000   Number         0  os_cpu_c.o ABSOLUTE
    ..\uCOSii_Port\os_dbg.c                  0x00000000   Number         0  os_dbg.o ABSOLUTE
    ..\uCOSii_Source\os_core.c               0x00000000   Number         0  os_core.o ABSOLUTE
    ..\uCOSii_Source\os_flag.c               0x00000000   Number         0  os_flag.o ABSOLUTE
    ..\uCOSii_Source\os_mbox.c               0x00000000   Number         0  os_mbox.o ABSOLUTE
    ..\uCOSii_Source\os_mem.c                0x00000000   Number         0  os_mem.o ABSOLUTE
    ..\uCOSii_Source\os_mutex.c              0x00000000   Number         0  os_mutex.o ABSOLUTE
    ..\uCOSii_Source\os_q.c                  0x00000000   Number         0  os_q.o ABSOLUTE
    ..\uCOSii_Source\os_sem.c                0x00000000   Number         0  os_sem.o ABSOLUTE
    ..\uCOSii_Source\os_task.c               0x00000000   Number         0  os_task.o ABSOLUTE
    ..\uCOSii_Source\os_time.c               0x00000000   Number         0  os_time.o ABSOLUTE
    ..\uCOSii_Source\os_tmr.c                0x00000000   Number         0  os_tmr.o ABSOLUTE
    cdrcmple.s                               0x00000000   Number         0  cdrcmple.o ABSOLUTE
    dc.s                                     0x00000000   Number         0  dc.o ABSOLUTE
    handlers.s                               0x00000000   Number         0  handlers.o ABSOLUTE
    init.s                                   0x00000000   Number         0  init.o ABSOLUTE
    startup_stm32f407xx.s                    0x00000000   Number         0  startup_stm32f407xx.o ABSOLUTE
    RESET                                    0x08000000   Section      392  startup_stm32f407xx.o(RESET)
    .ARM.Collect$$$$00000000                 0x08000188   Section        0  entry.o(.ARM.Collect$$$$00000000)
    .ARM.Collect$$$$00000001                 0x08000188   Section        4  entry2.o(.ARM.Collect$$$$00000001)
    .ARM.Collect$$$$00000004                 0x0800018c   Section        4  entry5.o(.ARM.Collect$$$$00000004)
    .ARM.Collect$$$$00000008                 0x08000190   Section        0  entry7b.o(.ARM.Collect$$$$00000008)
    .ARM.Collect$$$$0000000A                 0x08000190   Section        0  entry8b.o(.ARM.Collect$$$$0000000A)
    .ARM.Collect$$$$0000000B                 0x08000190   Section        8  entry9a.o(.ARM.Collect$$$$0000000B)
    .ARM.Collect$$$$0000000D                 0x08000198   Section        0  entry10a.o(.ARM.Collect$$$$0000000D)
    .ARM.Collect$$$$0000000F                 0x08000198   Section        0  entry11a.o(.ARM.Collect$$$$0000000F)
    .ARM.Collect$$$$00002712                 0x08000198   Section        4  entry2.o(.ARM.Collect$$$$00002712)
    __lit__00000000                          0x08000198   Data           4  entry2.o(.ARM.Collect$$$$00002712)
    .text                                    0x0800019c   Section      176  os_cpu_a.o(.text)
    $v0                                      0x0800019c   Number         0  os_cpu_a.o(.text)
    .text                                    0x0800024c   Section       36  startup_stm32f407xx.o(.text)
    $v0                                      0x0800024c   Number         0  startup_stm32f407xx.o(.text)
    .text                                    0x08000270   Section        0  strcmp.o(.text)
    .text                                    0x0800028c   Section        0  strtok.o(.text)
    .text                                    0x080002d0   Section        0  atoi.o(.text)
    .text                                    0x080002ea   Section        0  uidiv.o(.text)
    .text                                    0x08000316   Section        0  uldiv.o(.text)
    .text                                    0x08000378   Section        0  strtol.o(.text)
    .text                                    0x080003e8   Section        0  dadd.o(.text)
    .text                                    0x080003e8   Section        0  iusefp.o(.text)
    .text                                    0x08000536   Section        0  dmul.o(.text)
    .text                                    0x0800061a   Section        0  ddiv.o(.text)
    .text                                    0x080006f8   Section        0  dfixul.o(.text)
    .text                                    0x08000728   Section       48  cdrcmple.o(.text)
    .text                                    0x08000758   Section       36  init.o(.text)
    .text                                    0x0800077c   Section        0  llshl.o(.text)
    .text                                    0x0800079a   Section        0  llushr.o(.text)
    .text                                    0x080007ba   Section        0  llsshr.o(.text)
    .text                                    0x080007e0   Section        0  ctype_o.o(.text)
    .text                                    0x080007e8   Section        0  _strtoul.o(.text)
    .text                                    0x08000886   Section        0  depilogue.o(.text)
    .text                                    0x08000940   Section        0  _chval.o(.text)
    i.Error_Handler                          0x0800095c   Section        0  main.o(i.Error_Handler)
    i.HAL_GPIO_Init                          0x08000960   Section        0  stm32f4xx_hal_gpio.o(i.HAL_GPIO_Init)
    i.HAL_GPIO_WritePin                      0x08000b10   Section        0  stm32f4xx_hal_gpio.o(i.HAL_GPIO_WritePin)
    i.HAL_GetTick                            0x08000b1c   Section        0  stm32f4xx_hal.o(i.HAL_GetTick)
    i.HAL_Init                               0x08000b28   Section        0  stm32f4xx_hal.o(i.HAL_Init)
    i.HAL_InitTick                           0x08000b5c   Section        0  stm32f4xx_hal.o(i.HAL_InitTick)
    i.HAL_MspInit                            0x08000b84   Section        0  stm32f4xx_hal_msp.o(i.HAL_MspInit)
    i.HAL_NVIC_DisableIRQ                    0x08000bdc   Section        0  stm32f4xx_hal_cortex.o(i.HAL_NVIC_DisableIRQ)
    i.HAL_NVIC_EnableIRQ                     0x08000bf2   Section        0  stm32f4xx_hal_cortex.o(i.HAL_NVIC_EnableIRQ)
    i.HAL_NVIC_SetPriority                   0x08000c08   Section        0  stm32f4xx_hal_cortex.o(i.HAL_NVIC_SetPriority)
    i.HAL_NVIC_SetPriorityGrouping           0x08000c48   Section        0  stm32f4xx_hal_cortex.o(i.HAL_NVIC_SetPriorityGrouping)
    i.HAL_RCC_ClockConfig                    0x08000c6c   Section        0  stm32f4xx_hal_rcc.o(i.HAL_RCC_ClockConfig)
    i.HAL_RCC_GetHCLKFreq                    0x08000de8   Section        0  stm32f4xx_hal_rcc.o(i.HAL_RCC_GetHCLKFreq)
    i.HAL_RCC_GetPCLK1Freq                   0x08000df4   Section        0  stm32f4xx_hal_rcc.o(i.HAL_RCC_GetPCLK1Freq)
    i.HAL_RCC_GetPCLK2Freq                   0x08000e24   Section        0  stm32f4xx_hal_rcc.o(i.HAL_RCC_GetPCLK2Freq)
    i.HAL_RCC_GetSysClockFreq                0x08000e54   Section        0  stm32f4xx_hal_rcc.o(i.HAL_RCC_GetSysClockFreq)
    i.HAL_RCC_OscConfig                      0x08000ec8   Section        0  stm32f4xx_hal_rcc.o(i.HAL_RCC_OscConfig)
    i.HAL_SYSTICK_CLKSourceConfig            0x080011dc   Section        0  stm32f4xx_hal_cortex.o(i.HAL_SYSTICK_CLKSourceConfig)
    i.HAL_SYSTICK_Config                     0x080011f4   Section        0  stm32f4xx_hal_cortex.o(i.HAL_SYSTICK_Config)
    i.HAL_UART_Init                          0x0800121c   Section        0  stm32f4xx_hal_uart.o(i.HAL_UART_Init)
    i.HAL_UART_MspInit                       0x08001280   Section        0  usart.o(i.HAL_UART_MspInit)
    i.MX_GPIO_Init                           0x080012dc   Section        0  gpio.o(i.MX_GPIO_Init)
    i.MX_USART1_UART_Init                    0x080013e4   Section        0  usart.o(i.MX_USART1_UART_Init)
    i.Msg_MemInit                            0x0800141c   Section        0  message.o(i.Msg_MemInit)
    i.NVIC_SetPriority                       0x0800143c   Section        0  stm32f4xx_hal_cortex.o(i.NVIC_SetPriority)
    NVIC_SetPriority                         0x0800143d   Thumb Code    32  stm32f4xx_hal_cortex.o(i.NVIC_SetPriority)
    i.OSInit                                 0x0800145c   Section        0  os_core.o(i.OSInit)
    i.OSInitHookBegin                        0x08001530   Section        0  os_cpu_c.o(i.OSInitHookBegin)
    i.OSInitHookEnd                          0x08001554   Section        0  os_cpu_c.o(i.OSInitHookEnd)
    i.OSIntExit                              0x08001558   Section        0  os_core.o(i.OSIntExit)
    i.OSMemCreate                            0x080015b4   Section        0  os_mem.o(i.OSMemCreate)
    i.OSQAccept                              0x08001614   Section        0  os_q.o(i.OSQAccept)
    i.OSQCreate                              0x08001664   Section        0  os_q.o(i.OSQCreate)
    i.OSQDel                                 0x080016e0   Section        0  os_q.o(i.OSQDel)
    i.OSQPend                                0x080017c0   Section        0  os_q.o(i.OSQPend)
    i.OSQPost                                0x0800189c   Section        0  os_q.o(i.OSQPost)
    i.OSSchedLock                            0x08001908   Section        0  os_core.o(i.OSSchedLock)
    i.OSSchedUnlock                          0x08001934   Section        0  os_core.o(i.OSSchedUnlock)
    i.OSSemCreate                            0x08001970   Section        0  os_sem.o(i.OSSemCreate)
    i.OSSemPend                              0x080019b0   Section        0  os_sem.o(i.OSSemPend)
    i.OSSemPost                              0x08001a68   Section        0  os_sem.o(i.OSSemPost)
    i.OSStart                                0x08001abc   Section        0  os_core.o(i.OSStart)
    i.OSTCBInitHook                          0x08001aec   Section        0  os_cpu_c.o(i.OSTCBInitHook)
    i.OSTaskCreate                           0x08001af0   Section        0  os_task.o(i.OSTaskCreate)
    i.OSTaskCreateExt                        0x08001b78   Section        0  os_task.o(i.OSTaskCreateExt)
    i.OSTaskCreateHook                       0x08001c14   Section        0  os_cpu_c.o(i.OSTaskCreateHook)
    i.OSTaskDel                              0x08001c18   Section        0  os_task.o(i.OSTaskDel)
    i.OSTaskDelHook                          0x08001d44   Section        0  os_cpu_c.o(i.OSTaskDelHook)
    i.OSTaskIdleHook                         0x08001d46   Section        0  os_cpu_c.o(i.OSTaskIdleHook)
    i.OSTaskNameSet                          0x08001d48   Section        0  os_task.o(i.OSTaskNameSet)
    i.OSTaskReturnHook                       0x08001da0   Section        0  os_cpu_c.o(i.OSTaskReturnHook)
    i.OSTaskStkInit                          0x08001da4   Section        0  os_cpu_c.o(i.OSTaskStkInit)
    i.OSTaskSwHook                           0x08001e1c   Section        0  os_cpu_c.o(i.OSTaskSwHook)
    i.OSTimeTick                             0x08001e20   Section        0  os_core.o(i.OSTimeTick)
    i.OSTimeTickHook                         0x08001ec0   Section        0  os_cpu_c.o(i.OSTimeTickHook)
    i.OSTmrCreate                            0x08001edc   Section        0  os_tmr.o(i.OSTmrCreate)
    i.OSTmrSignal                            0x08001f68   Section        0  os_tmr.o(i.OSTmrSignal)
    i.OSTmrStart                             0x08001f74   Section        0  os_tmr.o(i.OSTmrStart)
    i.OSTmr_Init                             0x08001fd8   Section        0  os_tmr.o(i.OSTmr_Init)
    i.OSTmr_Link                             0x080020c4   Section        0  os_tmr.o(i.OSTmr_Link)
    OSTmr_Link                               0x080020c5   Thumb Code    66  os_tmr.o(i.OSTmr_Link)
    i.OSTmr_Task                             0x08002110   Section        0  os_tmr.o(i.OSTmr_Task)
    OSTmr_Task                               0x08002111   Thumb Code   106  os_tmr.o(i.OSTmr_Task)
    i.OSTmr_Unlink                           0x08002188   Section        0  os_tmr.o(i.OSTmr_Unlink)
    OSTmr_Unlink                             0x08002189   Thumb Code    58  os_tmr.o(i.OSTmr_Unlink)
    i.OS_CPU_SysTickHandler                  0x080021c8   Section        0  os_cpu_c.o(i.OS_CPU_SysTickHandler)
    i.OS_CPU_USART1_IRQHandler               0x080021ec   Section        0  usart_it.o(i.OS_CPU_USART1_IRQHandler)
    i.OS_Dummy                               0x080022e4   Section        0  os_core.o(i.OS_Dummy)
    i.OS_EventTaskRdy                        0x080022e8   Section        0  os_core.o(i.OS_EventTaskRdy)
    i.OS_EventTaskRemove                     0x0800234c   Section        0  os_core.o(i.OS_EventTaskRemove)
    i.OS_EventTaskWait                       0x0800236c   Section        0  os_core.o(i.OS_EventTaskWait)
    i.OS_EventWaitListInit                   0x080023b4   Section        0  os_core.o(i.OS_EventWaitListInit)
    i.OS_InitTCBList                         0x080023c8   Section        0  os_core.o(i.OS_InitTCBList)
    OS_InitTCBList                           0x080023c9   Thumb Code    94  os_core.o(i.OS_InitTCBList)
    i.OS_MemClr                              0x08002438   Section        0  os_core.o(i.OS_MemClr)
    i.OS_MemInit                             0x0800244c   Section        0  os_mem.o(i.OS_MemInit)
    i.OS_QInit                               0x08002498   Section        0  os_q.o(i.OS_QInit)
    i.OS_Sched                               0x080024d8   Section        0  os_core.o(i.OS_Sched)
    i.OS_SchedNew                            0x08002520   Section        0  os_core.o(i.OS_SchedNew)
    OS_SchedNew                              0x08002521   Thumb Code    24  os_core.o(i.OS_SchedNew)
    i.OS_TCBInit                             0x08002540   Section        0  os_core.o(i.OS_TCBInit)
    i.OS_TaskIdle                            0x08002630   Section        0  os_core.o(i.OS_TaskIdle)
    i.OS_TaskReturn                          0x0800264c   Section        0  os_task.o(i.OS_TaskReturn)
    i.OS_TaskStkClr                          0x08002664   Section        0  os_task.o(i.OS_TaskStkClr)
    i.SystemClock_Config                     0x0800267c   Section        0  main.o(i.SystemClock_Config)
    i.SystemInit                             0x0800271c   Section        0  system_stm32f4xx.o(i.SystemInit)
    i.Task_SHELL_Creat                       0x08002770   Section        0  usart_it.o(i.Task_SHELL_Creat)
    i.Task_USART1_Creat                      0x080027a4   Section        0  usart_it.o(i.Task_USART1_Creat)
    i.UART_SetConfig                         0x080027b8   Section        0  stm32f4xx_hal_uart.o(i.UART_SetConfig)
    UART_SetConfig                           0x080027b9   Thumb Code   676  stm32f4xx_hal_uart.o(i.UART_SetConfig)
    i.USER_USART1_print                      0x08002a64   Section        0  usart_it.o(i.USER_USART1_print)
    i.Uart_Sendbuf_Init                      0x08002aac   Section        0  usart_it.o(i.Uart_Sendbuf_Init)
    i.User_App_Initial                       0x08002ad8   Section        0  ucosii_demo.o(i.User_App_Initial)
    i.__0vsnprintf                           0x08002b54   Section        0  printfa.o(i.__0vsnprintf)
    i.__aeabi_errno_addr                     0x08002b80   Section        0  errno.o(i.__aeabi_errno_addr)
    i.__scatterload_copy                     0x08002b88   Section       14  handlers.o(i.__scatterload_copy)
    i.__scatterload_null                     0x08002b96   Section        2  handlers.o(i.__scatterload_null)
    i.__scatterload_zeroinit                 0x08002b98   Section       14  handlers.o(i.__scatterload_zeroinit)
    i._fp_digits                             0x08002ba8   Section        0  printfa.o(i._fp_digits)
    _fp_digits                               0x08002ba9   Thumb Code   366  printfa.o(i._fp_digits)
    i._printf_core                           0x08002d2c   Section        0  printfa.o(i._printf_core)
    _printf_core                             0x08002d2d   Thumb Code  1744  printfa.o(i._printf_core)
    i._printf_post_padding                   0x08003408   Section        0  printfa.o(i._printf_post_padding)
    _printf_post_padding                     0x08003409   Thumb Code    36  printfa.o(i._printf_post_padding)
    i._printf_pre_padding                    0x0800342c   Section        0  printfa.o(i._printf_pre_padding)
    _printf_pre_padding                      0x0800342d   Thumb Code    46  printfa.o(i._printf_pre_padding)
    i._snputc                                0x0800345a   Section        0  printfa.o(i._snputc)
    _snputc                                  0x0800345b   Thumb Code    22  printfa.o(i._snputc)
    i.free                                   0x08003470   Section        0  malloc.o(i.free)
    i.help                                   0x080034c0   Section        0  usart_it.o(i.help)
    i.led                                    0x0800359c   Section        0  usart_it.o(i.led)
    i.main                                   0x080036cc   Section        0  main.o(i.main)
    i.malloc                                 0x080036f0   Section        0  malloc.o(i.malloc)
    i.shell_parse                            0x0800375c   Section        0  usart_it.o(i.shell_parse)
    i.shell_printf                           0x08003864   Section        0  usart_it.o(i.shell_printf)
    i.task_USART1                            0x08003884   Section        0  usart_it.o(i.task_USART1)
    task_USART1                              0x08003885   Thumb Code   230  usart_it.o(i.task_USART1)
    i.testinput                              0x080039a4   Section        0  usart_it.o(i.testinput)
    i.timer_SHELL_timeout                    0x080039ec   Section        0  usart_it.o(i.timer_SHELL_timeout)
    timer_SHELL_timeout                      0x080039ed   Thumb Code    34  usart_it.o(i.timer_SHELL_timeout)
    .constdata                               0x08003a1c   Section       16  system_stm32f4xx.o(.constdata)
    .constdata                               0x08003a2c   Section        8  system_stm32f4xx.o(.constdata)
    .constdata                               0x08003a34   Section      256  os_core.o(.constdata)
    .constdata                               0x08003b34   Section      129  ctype_o.o(.constdata)
    .constdata                               0x08003bb8   Section        4  ctype_o.o(.constdata)
    table                                    0x08003bb8   Data           4  ctype_o.o(.constdata)
    .conststring                             0x08003bbc   Section       22  usart_it.o(.conststring)
    .data                                    0x20000000   Section        4  system_stm32f4xx.o(.data)
    .data                                    0x20000004   Section        8  os_cpu_c.o(.data)
    OSTmrCtr                                 0x20000004   Data           2  os_cpu_c.o(.data)
    .data                                    0x2000000c   Section       52  os_core.o(.data)
    .data                                    0x20000040   Section        4  os_core.o(.data)
    .data                                    0x20000044   Section        4  os_core.o(.data)
    .data                                    0x20000048   Section        2  os_core.o(.data)
    .data                                    0x2000004a   Section        2  os_core.o(.data)
    .data                                    0x2000004c   Section        4  os_core.o(.data)
    .data                                    0x20000050   Section        4  os_core.o(.data)
    .data                                    0x20000054   Section        4  os_core.o(.data)
    .data                                    0x20000058   Section        4  os_core.o(.data)
    .data                                    0x2000005c   Section        4  stm32f4xx_hal.o(.data)
    .data                                    0x20000060   Section      104  usart_it.o(.data)
    Rxmsg_idx                                0x20000060   Data           1  usart_it.o(.data)
    uart_sendbuf_idx                         0x20000061   Data           1  usart_it.o(.data)
    SendBufQid                               0x20000064   Data           4  usart_it.o(.data)
    SendChrP                                 0x2000006c   Data           4  usart_it.o(.data)
    uart_sending_bufP                        0x20000070   Data           4  usart_it.o(.data)
    shellTmr                                 0x20000074   Data           4  usart_it.o(.data)
    .data                                    0x200000c8   Section        4  message.o(.data)
    .data                                    0x200000cc   Section        4  strtok.o(.data)
    state                                    0x200000cc   Data           4  strtok.o(.data)
    .data                                    0x200000d0   Section        4  mvars.o(.data)
    .data                                    0x200000d4   Section        4  mvars.o(.data)
    .data                                    0x200000d8   Section        4  errno.o(.data)
    _errno                                   0x200000d8   Data           4  errno.o(.data)
    .bss                                     0x200000dc   Section      512  os_cpu_c.o(.bss)
    .bss                                     0x200002dc   Section     1804  os_core.o(.bss)
    .bss                                     0x200009e8   Section       72  os_core.o(.bss)
    .bss                                     0x20000a30   Section       96  os_core.o(.bss)
    .bss                                     0x20000a90   Section      640  os_core.o(.bss)
    .bss                                     0x20000d10   Section      512  os_core.o(.bss)
    .bss                                     0x20000f10   Section       64  os_core.o(.bss)
    .bss                                     0x20000f50   Section       64  usart.o(.bss)
    .bss                                     0x20000f90   Section       80  ucosii_demo.o(.bss)
    .bss                                     0x20000fe0   Section      888  usart_it.o(.bss)
    Task_USART1_Stk                          0x20000fe0   Data         512  usart_it.o(.bss)
    TaskUsart1_Qarray                        0x200011e0   Data          40  usart_it.o(.bss)
    uart1_rxmsgbuf                           0x20001208   Data          16  usart_it.o(.bss)
    uart_sendbuf                             0x20001258   Data         128  usart_it.o(.bss)
    .bss                                     0x20001358   Section      160  message.o(.bss)
    HEAP                                     0x200013f8   Section      512  startup_stm32f407xx.o(HEAP)
    STACK                                    0x200015f8   Section     1024  startup_stm32f407xx.o(STACK)

    Global Symbols

    Symbol Name                              Value     Ov Type        Size  Object(Section)

    BuildAttributes$$THM_ISAv4$E$P$D$K$B$S$7EM$VFPi3$EXTD16$VFPS$VFMA$PE$A:L22UL41UL21$X:L11$S22US41US21$IEEE1$IW$USESV6$~STKCKD$USESV7$~SHL$OSPACE$ROPI$EBA8$MICROLIB$REQ8$PRES8$EABIv2 0x00000000   Number         0  anon$$obj.o ABSOLUTE
    __ARM_use_no_argv                        0x00000000   Number         0  main.o ABSOLUTE
    __cpp_initialize__aeabi_                  - Undefined Weak Reference
    __cxa_finalize                            - Undefined Weak Reference
    __decompress                              - Undefined Weak Reference
    _clock_init                               - Undefined Weak Reference
    _microlib_exit                            - Undefined Weak Reference
    __Vectors_Size                           0x00000188   Number         0  startup_stm32f407xx.o ABSOLUTE
    __Vectors                                0x08000000   Data           4  startup_stm32f407xx.o(RESET)
    __Vectors_End                            0x08000188   Data           0  startup_stm32f407xx.o(RESET)
    __main                                   0x08000189   Thumb Code     0  entry.o(.ARM.Collect$$$$00000000)
    _main_stk                                0x08000189   Thumb Code     0  entry2.o(.ARM.Collect$$$$00000001)
    _main_scatterload                        0x0800018d   Thumb Code     0  entry5.o(.ARM.Collect$$$$00000004)
    __main_after_scatterload                 0x08000191   Thumb Code     0  entry5.o(.ARM.Collect$$$$00000004)
    _main_clock                              0x08000191   Thumb Code     0  entry7b.o(.ARM.Collect$$$$00000008)
    _main_cpp_init                           0x08000191   Thumb Code     0  entry8b.o(.ARM.Collect$$$$0000000A)
    _main_init                               0x08000191   Thumb Code     0  entry9a.o(.ARM.Collect$$$$0000000B)
    __rt_final_cpp                           0x08000199   Thumb Code     0  entry10a.o(.ARM.Collect$$$$0000000D)
    __rt_final_exit                          0x08000199   Thumb Code     0  entry11a.o(.ARM.Collect$$$$0000000F)
    OS_CPU_SR_Save                           0x0800019d   Thumb Code     0  os_cpu_a.o(.text)
    OS_CPU_SR_Restore                        0x080001a5   Thumb Code     0  os_cpu_a.o(.text)
    OSStartHighRdy                           0x080001ab   Thumb Code     0  os_cpu_a.o(.text)
    OSCtxSw                                  0x080001d3   Thumb Code     0  os_cpu_a.o(.text)
    OSIntCtxSw                               0x080001dd   Thumb Code     0  os_cpu_a.o(.text)
    OS_CPU_PendSVHandler                     0x080001e7   Thumb Code     0  os_cpu_a.o(.text)
    Reset_Handler                            0x0800024d   Thumb Code     8  startup_stm32f407xx.o(.text)
    NMI_Handler                              0x08000255   Thumb Code     2  startup_stm32f407xx.o(.text)
    HardFault_Handler                        0x08000257   Thumb Code     2  startup_stm32f407xx.o(.text)
    MemManage_Handler                        0x08000259   Thumb Code     2  startup_stm32f407xx.o(.text)
    BusFault_Handler                         0x0800025b   Thumb Code     2  startup_stm32f407xx.o(.text)
    UsageFault_Handler                       0x0800025d   Thumb Code     2  startup_stm32f407xx.o(.text)
    SVC_Handler                              0x0800025f   Thumb Code     2  startup_stm32f407xx.o(.text)
    DebugMon_Handler                         0x08000261   Thumb Code     2  startup_stm32f407xx.o(.text)
    ADC_IRQHandler                           0x08000267   Thumb Code     0  startup_stm32f407xx.o(.text)
    CAN1_RX0_IRQHandler                      0x08000267   Thumb Code     0  startup_stm32f407xx.o(.text)
    CAN1_RX1_IRQHandler                      0x08000267   Thumb Code     0  startup_stm32f407xx.o(.text)
    CAN1_SCE_IRQHandler                      0x08000267   Thumb Code     0  startup_stm32f407xx.o(.text)
    CAN1_TX_IRQHandler                       0x08000267   Thumb Code     0  startup_stm32f407xx.o(.text)
    CAN2_RX0_IRQHandler                      0x08000267   Thumb Code     0  startup_stm32f407xx.o(.text)
    CAN2_RX1_IRQHandler                      0x08000267   Thumb Code     0  startup_stm32f407xx.o(.text)
    CAN2_SCE_IRQHandler                      0x08000267   Thumb Code     0  startup_stm32f407xx.o(.text)
    CAN2_TX_IRQHandler                       0x08000267   Thumb Code     0  startup_stm32f407xx.o(.text)
    DCMI_IRQHandler                          0x08000267   Thumb Code     0  startup_stm32f407xx.o(.text)
    DMA1_Stream0_IRQHandler                  0x08000267   Thumb Code     0  startup_stm32f407xx.o(.text)
    DMA1_Stream1_IRQHandler                  0x08000267   Thumb Code     0  startup_stm32f407xx.o(.text)
    DMA1_Stream2_IRQHandler                  0x08000267   Thumb Code     0  startup_stm32f407xx.o(.text)
    DMA1_Stream3_IRQHandler                  0x08000267   Thumb Code     0  startup_stm32f407xx.o(.text)
    DMA1_Stream4_IRQHandler                  0x08000267   Thumb Code     0  startup_stm32f407xx.o(.text)
    DMA1_Stream5_IRQHandler                  0x08000267   Thumb Code     0  startup_stm32f407xx.o(.text)
    DMA1_Stream6_IRQHandler                  0x08000267   Thumb Code     0  startup_stm32f407xx.o(.text)
    DMA1_Stream7_IRQHandler                  0x08000267   Thumb Code     0  startup_stm32f407xx.o(.text)
    DMA2_Stream0_IRQHandler                  0x08000267   Thumb Code     0  startup_stm32f407xx.o(.text)
    DMA2_Stream1_IRQHandler                  0x08000267   Thumb Code     0  startup_stm32f407xx.o(.text)
    DMA2_Stream2_IRQHandler                  0x08000267   Thumb Code     0  startup_stm32f407xx.o(.text)
    DMA2_Stream3_IRQHandler                  0x08000267   Thumb Code     0  startup_stm32f407xx.o(.text)
    DMA2_Stream4_IRQHandler                  0x08000267   Thumb Code     0  startup_stm32f407xx.o(.text)
    DMA2_Stream5_IRQHandler                  0x08000267   Thumb Code     0  startup_stm32f407xx.o(.text)
    DMA2_Stream6_IRQHandler                  0x08000267   Thumb Code     0  startup_stm32f407xx.o(.text)
    DMA2_Stream7_IRQHandler                  0x08000267   Thumb Code     0  startup_stm32f407xx.o(.text)
    ETH_IRQHandler                           0x08000267   Thumb Code     0  startup_stm32f407xx.o(.text)
    ETH_WKUP_IRQHandler                      0x08000267   Thumb Code     0  startup_stm32f407xx.o(.text)
    EXTI0_IRQHandler                         0x08000267   Thumb Code     0  startup_stm32f407xx.o(.text)
    EXTI15_10_IRQHandler                     0x08000267   Thumb Code     0  startup_stm32f407xx.o(.text)
    EXTI1_IRQHandler                         0x08000267   Thumb Code     0  startup_stm32f407xx.o(.text)
    EXTI2_IRQHandler                         0x08000267   Thumb Code     0  startup_stm32f407xx.o(.text)
    EXTI3_IRQHandler                         0x08000267   Thumb Code     0  startup_stm32f407xx.o(.text)
    EXTI4_IRQHandler                         0x08000267   Thumb Code     0  startup_stm32f407xx.o(.text)
    EXTI9_5_IRQHandler                       0x08000267   Thumb Code     0  startup_stm32f407xx.o(.text)
    FLASH_IRQHandler                         0x08000267   Thumb Code     0  startup_stm32f407xx.o(.text)
    FMC_IRQHandler                           0x08000267   Thumb Code     0  startup_stm32f407xx.o(.text)
    FPU_IRQHandler                           0x08000267   Thumb Code     0  startup_stm32f407xx.o(.text)
    HASH_RNG_IRQHandler                      0x08000267   Thumb Code     0  startup_stm32f407xx.o(.text)
    I2C1_ER_IRQHandler                       0x08000267   Thumb Code     0  startup_stm32f407xx.o(.text)
    I2C1_EV_IRQHandler                       0x08000267   Thumb Code     0  startup_stm32f407xx.o(.text)
    I2C2_ER_IRQHandler                       0x08000267   Thumb Code     0  startup_stm32f407xx.o(.text)
    I2C2_EV_IRQHandler                       0x08000267   Thumb Code     0  startup_stm32f407xx.o(.text)
    I2C3_ER_IRQHandler                       0x08000267   Thumb Code     0  startup_stm32f407xx.o(.text)
    I2C3_EV_IRQHandler                       0x08000267   Thumb Code     0  startup_stm32f407xx.o(.text)
    OTG_FS_IRQHandler                        0x08000267   Thumb Code     0  startup_stm32f407xx.o(.text)
    OTG_FS_WKUP_IRQHandler                   0x08000267   Thumb Code     0  startup_stm32f407xx.o(.text)
    OTG_HS_EP1_IN_IRQHandler                 0x08000267   Thumb Code     0  startup_stm32f407xx.o(.text)
    OTG_HS_EP1_OUT_IRQHandler                0x08000267   Thumb Code     0  startup_stm32f407xx.o(.text)
    OTG_HS_IRQHandler                        0x08000267   Thumb Code     0  startup_stm32f407xx.o(.text)
    OTG_HS_WKUP_IRQHandler                   0x08000267   Thumb Code     0  startup_stm32f407xx.o(.text)
    PVD_IRQHandler                           0x08000267   Thumb Code     0  startup_stm32f407xx.o(.text)
    RCC_IRQHandler                           0x08000267   Thumb Code     0  startup_stm32f407xx.o(.text)
    RTC_Alarm_IRQHandler                     0x08000267   Thumb Code     0  startup_stm32f407xx.o(.text)
    RTC_WKUP_IRQHandler                      0x08000267   Thumb Code     0  startup_stm32f407xx.o(.text)
    SDIO_IRQHandler                          0x08000267   Thumb Code     0  startup_stm32f407xx.o(.text)
    SPI1_IRQHandler                          0x08000267   Thumb Code     0  startup_stm32f407xx.o(.text)
    SPI2_IRQHandler                          0x08000267   Thumb Code     0  startup_stm32f407xx.o(.text)
    SPI3_IRQHandler                          0x08000267   Thumb Code     0  startup_stm32f407xx.o(.text)
    TAMP_STAMP_IRQHandler                    0x08000267   Thumb Code     0  startup_stm32f407xx.o(.text)
    TIM1_BRK_TIM9_IRQHandler                 0x08000267   Thumb Code     0  startup_stm32f407xx.o(.text)
    TIM1_CC_IRQHandler                       0x08000267   Thumb Code     0  startup_stm32f407xx.o(.text)
    TIM1_TRG_COM_TIM11_IRQHandler            0x08000267   Thumb Code     0  startup_stm32f407xx.o(.text)
    TIM1_UP_TIM10_IRQHandler                 0x08000267   Thumb Code     0  startup_stm32f407xx.o(.text)
    TIM2_IRQHandler                          0x08000267   Thumb Code     0  startup_stm32f407xx.o(.text)
    TIM3_IRQHandler                          0x08000267   Thumb Code     0  startup_stm32f407xx.o(.text)
    TIM4_IRQHandler                          0x08000267   Thumb Code     0  startup_stm32f407xx.o(.text)
    TIM5_IRQHandler                          0x08000267   Thumb Code     0  startup_stm32f407xx.o(.text)
    TIM6_DAC_IRQHandler                      0x08000267   Thumb Code     0  startup_stm32f407xx.o(.text)
    TIM7_IRQHandler                          0x08000267   Thumb Code     0  startup_stm32f407xx.o(.text)
    TIM8_BRK_TIM12_IRQHandler                0x08000267   Thumb Code     0  startup_stm32f407xx.o(.text)
    TIM8_CC_IRQHandler                       0x08000267   Thumb Code     0  startup_stm32f407xx.o(.text)
    TIM8_TRG_COM_TIM14_IRQHandler            0x08000267   Thumb Code     0  startup_stm32f407xx.o(.text)
    TIM8_UP_TIM13_IRQHandler                 0x08000267   Thumb Code     0  startup_stm32f407xx.o(.text)
    UART4_IRQHandler                         0x08000267   Thumb Code     0  startup_stm32f407xx.o(.text)
    UART5_IRQHandler                         0x08000267   Thumb Code     0  startup_stm32f407xx.o(.text)
    USART2_IRQHandler                        0x08000267   Thumb Code     0  startup_stm32f407xx.o(.text)
    USART3_IRQHandler                        0x08000267   Thumb Code     0  startup_stm32f407xx.o(.text)
    USART6_IRQHandler                        0x08000267   Thumb Code     0  startup_stm32f407xx.o(.text)
    WWDG_IRQHandler                          0x08000267   Thumb Code     0  startup_stm32f407xx.o(.text)
    strcmp                                   0x08000271   Thumb Code    28  strcmp.o(.text)
    strtok                                   0x0800028d   Thumb Code    62  strtok.o(.text)
    atoi                                     0x080002d1   Thumb Code    26  atoi.o(.text)
    __aeabi_uidiv                            0x080002eb   Thumb Code     0  uidiv.o(.text)
    __aeabi_uidivmod                         0x080002eb   Thumb Code    44  uidiv.o(.text)
    __aeabi_uldivmod                         0x08000317   Thumb Code    98  uldiv.o(.text)
    strtol                                   0x08000379   Thumb Code   112  strtol.o(.text)
    __I$use$fp                               0x080003e9   Thumb Code     0  iusefp.o(.text)
    __aeabi_dadd                             0x080003e9   Thumb Code   322  dadd.o(.text)
    __aeabi_dsub                             0x0800052b   Thumb Code     6  dadd.o(.text)
    __aeabi_drsub                            0x08000531   Thumb Code     6  dadd.o(.text)
    __aeabi_dmul                             0x08000537   Thumb Code   228  dmul.o(.text)
    __aeabi_ddiv                             0x0800061b   Thumb Code   222  ddiv.o(.text)
    __aeabi_d2ulz                            0x080006f9   Thumb Code    48  dfixul.o(.text)
    __aeabi_cdrcmple                         0x08000729   Thumb Code    48  cdrcmple.o(.text)
    __scatterload                            0x08000759   Thumb Code    28  init.o(.text)
    __scatterload_rt2                        0x08000759   Thumb Code     0  init.o(.text)
    __aeabi_llsl                             0x0800077d   Thumb Code    30  llshl.o(.text)
    _ll_shift_l                              0x0800077d   Thumb Code     0  llshl.o(.text)
    __aeabi_llsr                             0x0800079b   Thumb Code    32  llushr.o(.text)
    _ll_ushift_r                             0x0800079b   Thumb Code     0  llushr.o(.text)
    __aeabi_lasr                             0x080007bb   Thumb Code    36  llsshr.o(.text)
    _ll_sshift_r                             0x080007bb   Thumb Code     0  llsshr.o(.text)
    __rt_ctype_table                         0x080007e1   Thumb Code     4  ctype_o.o(.text)
    _strtoul                                 0x080007e9   Thumb Code   158  _strtoul.o(.text)
    _double_round                            0x08000887   Thumb Code    30  depilogue.o(.text)
    _double_epilogue                         0x080008a5   Thumb Code   156  depilogue.o(.text)
    _chval                                   0x08000941   Thumb Code    28  _chval.o(.text)
    Error_Handler                            0x0800095d   Thumb Code     2  main.o(i.Error_Handler)
    HAL_GPIO_Init                            0x08000961   Thumb Code   388  stm32f4xx_hal_gpio.o(i.HAL_GPIO_Init)
    HAL_GPIO_WritePin                        0x08000b11   Thumb Code    10  stm32f4xx_hal_gpio.o(i.HAL_GPIO_WritePin)
    HAL_GetTick                              0x08000b1d   Thumb Code     6  stm32f4xx_hal.o(i.HAL_GetTick)
    HAL_Init                                 0x08000b29   Thumb Code    48  stm32f4xx_hal.o(i.HAL_Init)
    HAL_InitTick                             0x08000b5d   Thumb Code    34  stm32f4xx_hal.o(i.HAL_InitTick)
    HAL_MspInit                              0x08000b85   Thumb Code    88  stm32f4xx_hal_msp.o(i.HAL_MspInit)
    HAL_NVIC_DisableIRQ                      0x08000bdd   Thumb Code    22  stm32f4xx_hal_cortex.o(i.HAL_NVIC_DisableIRQ)
    HAL_NVIC_EnableIRQ                       0x08000bf3   Thumb Code    22  stm32f4xx_hal_cortex.o(i.HAL_NVIC_EnableIRQ)
    HAL_NVIC_SetPriority                     0x08000c09   Thumb Code    60  stm32f4xx_hal_cortex.o(i.HAL_NVIC_SetPriority)
    HAL_NVIC_SetPriorityGrouping             0x08000c49   Thumb Code    26  stm32f4xx_hal_cortex.o(i.HAL_NVIC_SetPriorityGrouping)
    HAL_RCC_ClockConfig                      0x08000c6d   Thumb Code   364  stm32f4xx_hal_rcc.o(i.HAL_RCC_ClockConfig)
    HAL_RCC_GetHCLKFreq                      0x08000de9   Thumb Code     6  stm32f4xx_hal_rcc.o(i.HAL_RCC_GetHCLKFreq)
    HAL_RCC_GetPCLK1Freq                     0x08000df5   Thumb Code    34  stm32f4xx_hal_rcc.o(i.HAL_RCC_GetPCLK1Freq)
    HAL_RCC_GetPCLK2Freq                     0x08000e25   Thumb Code    34  stm32f4xx_hal_rcc.o(i.HAL_RCC_GetPCLK2Freq)
    HAL_RCC_GetSysClockFreq                  0x08000e55   Thumb Code   104  stm32f4xx_hal_rcc.o(i.HAL_RCC_GetSysClockFreq)
    HAL_RCC_OscConfig                        0x08000ec9   Thumb Code   770  stm32f4xx_hal_rcc.o(i.HAL_RCC_OscConfig)
    HAL_SYSTICK_CLKSourceConfig              0x080011dd   Thumb Code    24  stm32f4xx_hal_cortex.o(i.HAL_SYSTICK_CLKSourceConfig)
    HAL_SYSTICK_Config                       0x080011f5   Thumb Code    40  stm32f4xx_hal_cortex.o(i.HAL_SYSTICK_Config)
    HAL_UART_Init                            0x0800121d   Thumb Code    98  stm32f4xx_hal_uart.o(i.HAL_UART_Init)
    HAL_UART_MspInit                         0x08001281   Thumb Code    80  usart.o(i.HAL_UART_MspInit)
    MX_GPIO_Init                             0x080012dd   Thumb Code   240  gpio.o(i.MX_GPIO_Init)
    MX_USART1_UART_Init                      0x080013e5   Thumb Code    48  usart.o(i.MX_USART1_UART_Init)
    Msg_MemInit                              0x0800141d   Thumb Code    24  message.o(i.Msg_MemInit)
    OSInit                                   0x0800145d   Thumb Code   182  os_core.o(i.OSInit)
    OSInitHookBegin                          0x08001531   Thumb Code    22  os_cpu_c.o(i.OSInitHookBegin)
    OSInitHookEnd                            0x08001555   Thumb Code     2  os_cpu_c.o(i.OSInitHookEnd)
    OSIntExit                                0x08001559   Thumb Code    82  os_core.o(i.OSIntExit)
    OSMemCreate                              0x080015b5   Thumb Code    90  os_mem.o(i.OSMemCreate)
    OSQAccept                                0x08001615   Thumb Code    78  os_q.o(i.OSQAccept)
    OSQCreate                                0x08001665   Thumb Code   110  os_q.o(i.OSQCreate)
    OSQDel                                   0x080016e1   Thumb Code   210  os_q.o(i.OSQDel)
    OSQPend                                  0x080017c1   Thumb Code   206  os_q.o(i.OSQPend)
    OSQPost                                  0x0800189d   Thumb Code   106  os_q.o(i.OSQPost)
    OSSchedLock                              0x08001909   Thumb Code    38  os_core.o(i.OSSchedLock)
    OSSchedUnlock                            0x08001935   Thumb Code    54  os_core.o(i.OSSchedUnlock)
    OSSemCreate                              0x08001971   Thumb Code    54  os_sem.o(i.OSSemCreate)
    OSSemPend                                0x080019b1   Thumb Code   172  os_sem.o(i.OSSemPend)
    OSSemPost                                0x08001a69   Thumb Code    82  os_sem.o(i.OSSemPost)
    OSStart                                  0x08001abd   Thumb Code    38  os_core.o(i.OSStart)
    OSTCBInitHook                            0x08001aed   Thumb Code     2  os_cpu_c.o(i.OSTCBInitHook)
    OSTaskCreate                             0x08001af1   Thumb Code   124  os_task.o(i.OSTaskCreate)
    OSTaskCreateExt                          0x08001b79   Thumb Code   144  os_task.o(i.OSTaskCreateExt)
    OSTaskCreateHook                         0x08001c15   Thumb Code     2  os_cpu_c.o(i.OSTaskCreateHook)
    OSTaskDel                                0x08001c19   Thumb Code   256  os_task.o(i.OSTaskDel)
    OSTaskDelHook                            0x08001d45   Thumb Code     2  os_cpu_c.o(i.OSTaskDelHook)
    OSTaskIdleHook                           0x08001d47   Thumb Code     2  os_cpu_c.o(i.OSTaskIdleHook)
    OSTaskNameSet                            0x08001d49   Thumb Code    76  os_task.o(i.OSTaskNameSet)
    OSTaskReturnHook                         0x08001da1   Thumb Code     2  os_cpu_c.o(i.OSTaskReturnHook)
    OSTaskStkInit                            0x08001da5   Thumb Code   114  os_cpu_c.o(i.OSTaskStkInit)
    OSTaskSwHook                             0x08001e1d   Thumb Code     2  os_cpu_c.o(i.OSTaskSwHook)
    OSTimeTick                               0x08001e21   Thumb Code   154  os_core.o(i.OSTimeTick)
    OSTimeTickHook                           0x08001ec1   Thumb Code    24  os_cpu_c.o(i.OSTimeTickHook)
    OSTmrCreate                              0x08001edd   Thumb Code   118  os_tmr.o(i.OSTmrCreate)
    OSTmrSignal                              0x08001f69   Thumb Code     8  os_tmr.o(i.OSTmrSignal)
    OSTmrStart                               0x08001f75   Thumb Code    96  os_tmr.o(i.OSTmrStart)
    OSTmr_Init                               0x08001fd9   Thumb Code   174  os_tmr.o(i.OSTmr_Init)
    OS_CPU_SysTickHandler                    0x080021c9   Thumb Code    30  os_cpu_c.o(i.OS_CPU_SysTickHandler)
    OS_CPU_USART1_IRQHandler                 0x080021ed   Thumb Code   226  usart_it.o(i.OS_CPU_USART1_IRQHandler)
    OS_Dummy                                 0x080022e5   Thumb Code     2  os_core.o(i.OS_Dummy)
    OS_EventTaskRdy                          0x080022e9   Thumb Code    86  os_core.o(i.OS_EventTaskRdy)
    OS_EventTaskRemove                       0x0800234d   Thumb Code    32  os_core.o(i.OS_EventTaskRemove)
    OS_EventTaskWait                         0x0800236d   Thumb Code    68  os_core.o(i.OS_EventTaskWait)
    OS_EventWaitListInit                     0x080023b5   Thumb Code    20  os_core.o(i.OS_EventWaitListInit)
    OS_MemClr                                0x08002439   Thumb Code    18  os_core.o(i.OS_MemClr)
    OS_MemInit                               0x0800244d   Thumb Code    64  os_mem.o(i.OS_MemInit)
    OS_QInit                                 0x08002499   Thumb Code    56  os_q.o(i.OS_QInit)
    OS_Sched                                 0x080024d9   Thumb Code    64  os_core.o(i.OS_Sched)
    OS_TCBInit                               0x08002541   Thumb Code   226  os_core.o(i.OS_TCBInit)
    OS_TaskIdle                              0x08002631   Thumb Code    24  os_core.o(i.OS_TaskIdle)
    OS_TaskReturn                            0x0800264d   Thumb Code    20  os_task.o(i.OS_TaskReturn)
    OS_TaskStkClr                            0x08002665   Thumb Code    22  os_task.o(i.OS_TaskStkClr)
    SystemClock_Config                       0x0800267d   Thumb Code   152  main.o(i.SystemClock_Config)
    SystemInit                               0x0800271d   Thumb Code    66  system_stm32f4xx.o(i.SystemInit)
    Task_SHELL_Creat                         0x08002771   Thumb Code    36  usart_it.o(i.Task_SHELL_Creat)
    Task_USART1_Creat                        0x080027a5   Thumb Code    12  usart_it.o(i.Task_USART1_Creat)
    USER_USART1_print                        0x08002a65   Thumb Code    64  usart_it.o(i.USER_USART1_print)
    Uart_Sendbuf_Init                        0x08002aad   Thumb Code    34  usart_it.o(i.Uart_Sendbuf_Init)
    User_App_Initial                         0x08002ad9   Thumb Code   112  ucosii_demo.o(i.User_App_Initial)
    __0vsnprintf                             0x08002b55   Thumb Code    40  printfa.o(i.__0vsnprintf)
    __1vsnprintf                             0x08002b55   Thumb Code     0  printfa.o(i.__0vsnprintf)
    __2vsnprintf                             0x08002b55   Thumb Code     0  printfa.o(i.__0vsnprintf)
    __c89vsnprintf                           0x08002b55   Thumb Code     0  printfa.o(i.__0vsnprintf)
    vsnprintf                                0x08002b55   Thumb Code     0  printfa.o(i.__0vsnprintf)
    __aeabi_errno_addr                       0x08002b81   Thumb Code     4  errno.o(i.__aeabi_errno_addr)
    __rt_errno_addr                          0x08002b81   Thumb Code     0  errno.o(i.__aeabi_errno_addr)
    __scatterload_copy                       0x08002b89   Thumb Code    14  handlers.o(i.__scatterload_copy)
    __scatterload_null                       0x08002b97   Thumb Code     2  handlers.o(i.__scatterload_null)
    __scatterload_zeroinit                   0x08002b99   Thumb Code    14  handlers.o(i.__scatterload_zeroinit)
    free                                     0x08003471   Thumb Code    76  malloc.o(i.free)
    help                                     0x080034c1   Thumb Code    30  usart_it.o(i.help)
    led                                      0x0800359d   Thumb Code   184  usart_it.o(i.led)
    main                                     0x080036cd   Thumb Code    36  main.o(i.main)
    malloc                                   0x080036f1   Thumb Code    92  malloc.o(i.malloc)
    shell_parse                              0x0800375d   Thumb Code   152  usart_it.o(i.shell_parse)
    shell_printf                             0x08003865   Thumb Code    30  usart_it.o(i.shell_printf)
    testinput                                0x080039a5   Thumb Code    42  usart_it.o(i.testinput)
    AHBPrescTable                            0x08003a1c   Data          16  system_stm32f4xx.o(.constdata)
    APBPrescTable                            0x08003a2c   Data           8  system_stm32f4xx.o(.constdata)
    OSUnMapTbl                               0x08003a34   Data         256  os_core.o(.constdata)
    __ctype_table                            0x08003b34   Data         129  ctype_o.o(.constdata)
    Region$$Table$$Base                      0x08003bd4   Number         0  anon$$obj.o(Region$$Table)
    Region$$Table$$Limit                     0x08003bf4   Number         0  anon$$obj.o(Region$$Table)
    SystemCoreClock                          0x20000000   Data           4  system_stm32f4xx.o(.data)
    OS_CPU_ExceptStkBase                     0x20000008   Data           4  os_cpu_c.o(.data)
    OSIntNesting                             0x2000000c   Data           1  os_core.o(.data)
    OSLockNesting                            0x2000000d   Data           1  os_core.o(.data)
    OSPrioCur                                0x2000000e   Data           1  os_core.o(.data)
    OSPrioHighRdy                            0x2000000f   Data           1  os_core.o(.data)
    OSRdyGrp                                 0x20000010   Data           1  os_core.o(.data)
    OSRunning                                0x20000011   Data           1  os_core.o(.data)
    OSTaskCtr                                0x20000012   Data           1  os_core.o(.data)
    OSTickStepState                          0x20000013   Data           1  os_core.o(.data)
    OSTaskRegNextAvailID                     0x20000014   Data           1  os_core.o(.data)
    OSCtxSwCtr                               0x20000018   Data           4  os_core.o(.data)
    OSEventFreeList                          0x2000001c   Data           4  os_core.o(.data)
    OSIdleCtr                                0x20000020   Data           4  os_core.o(.data)
    OSTCBCur                                 0x20000024   Data           4  os_core.o(.data)
    OSTCBFreeList                            0x20000028   Data           4  os_core.o(.data)
    OSTCBHighRdy                             0x2000002c   Data           4  os_core.o(.data)
    OSTCBList                                0x20000030   Data           4  os_core.o(.data)
    OSTime                                   0x20000034   Data           4  os_core.o(.data)
    OSRdyTbl                                 0x20000038   Data           8  os_core.o(.data)
    OSMemFreeList                            0x20000040   Data           4  os_core.o(.data)
    OSQFreeList                              0x20000044   Data           4  os_core.o(.data)
    OSTmrFree                                0x20000048   Data           2  os_core.o(.data)
    OSTmrUsed                                0x2000004a   Data           2  os_core.o(.data)
    OSTmrTime                                0x2000004c   Data           4  os_core.o(.data)
    OSTmrSem                                 0x20000050   Data           4  os_core.o(.data)
    OSTmrSemSignal                           0x20000054   Data           4  os_core.o(.data)
    OSTmrFreeList                            0x20000058   Data           4  os_core.o(.data)
    uwTick                                   0x2000005c   Data           4  stm32f4xx_hal.o(.data)
    input_index                              0x20000068   Data           4  usart_it.o(.data)
    shell_func_callbacks                     0x20000078   Data          40  usart_it.o(.data)
    shell_func_names                         0x200000a0   Data          40  usart_it.o(.data)
    memMsgP                                  0x200000c8   Data           4  message.o(.data)
    __microlib_freelist                      0x200000d0   Data           4  mvars.o(.data)
    __microlib_freelist_initialised          0x200000d4   Data           4  mvars.o(.data)
    OS_CPU_ExceptStk                         0x200000dc   Data         512  os_cpu_c.o(.bss)
    OSEventTbl                               0x200002dc   Data         200  os_core.o(.bss)
    OSTaskIdleStk                            0x200003a4   Data         512  os_core.o(.bss)
    OSTCBPrioTbl                             0x200005a4   Data         256  os_core.o(.bss)
    OSTCBTbl                                 0x200006a4   Data         836  os_core.o(.bss)
    OSMemTbl                                 0x200009e8   Data          72  os_core.o(.bss)
    OSQTbl                                   0x20000a30   Data          96  os_core.o(.bss)
    OSTmrTbl                                 0x20000a90   Data         640  os_core.o(.bss)
    OSTmrTaskStk                             0x20000d10   Data         512  os_core.o(.bss)
    OSTmrWheelTbl                            0x20000f10   Data          64  os_core.o(.bss)
    huart1                                   0x20000f50   Data          64  usart.o(.bss)
    App_Record                               0x20000f90   Data          80  ucosii_demo.o(.bss)
    SendBuf_QArray                           0x20001218   Data          64  usart_it.o(.bss)
    input_line                               0x200012d8   Data         128  usart_it.o(.bss)
    memMsgBuf                                0x20001358   Data         160  message.o(.bss)
    __heap_base                              0x200013f8   Data           0  startup_stm32f407xx.o(HEAP)
    __heap_limit                             0x200015f8   Data           0  startup_stm32f407xx.o(HEAP)
    __initial_sp                             0x200019f8   Data           0  startup_stm32f407xx.o(STACK)



==============================================================================

Memory Map of the image

  Image Entry point : 0x08000189

  Load Region LR_IROM1 (Base: 0x08000000, Size: 0x00003cd0, Max: 0x00100000, ABSOLUTE)

    Execution Region ER_IROM1 (Base: 0x08000000, Size: 0x00003bf4, Max: 0x00100000, ABSOLUTE)

    Base Addr    Size         Type   Attr      Idx    E Section Name        Object

    0x08000000   0x00000188   Data   RO          894    RESET               startup_stm32f407xx.o
    0x08000188   0x00000000   Code   RO         2689  * .ARM.Collect$$$$00000000  mc_w.l(entry.o)
    0x08000188   0x00000004   Code   RO         2758    .ARM.Collect$$$$00000001  mc_w.l(entry2.o)
    0x0800018c   0x00000004   Code   RO         2761    .ARM.Collect$$$$00000004  mc_w.l(entry5.o)
    0x08000190   0x00000000   Code   RO         2763    .ARM.Collect$$$$00000008  mc_w.l(entry7b.o)
    0x08000190   0x00000000   Code   RO         2765    .ARM.Collect$$$$0000000A  mc_w.l(entry8b.o)
    0x08000190   0x00000008   Code   RO         2766    .ARM.Collect$$$$0000000B  mc_w.l(entry9a.o)
    0x08000198   0x00000000   Code   RO         2768    .ARM.Collect$$$$0000000D  mc_w.l(entry10a.o)
    0x08000198   0x00000000   Code   RO         2770    .ARM.Collect$$$$0000000F  mc_w.l(entry11a.o)
    0x08000198   0x00000004   Code   RO         2759    .ARM.Collect$$$$00002712  mc_w.l(entry2.o)
    0x0800019c   0x000000b0   Code   RO          234    .text               os_cpu_a.o
    0x0800024c   0x00000024   Code   RO          895    .text               startup_stm32f407xx.o
    0x08000270   0x0000001c   Code   RO         2692    .text               mc_w.l(strcmp.o)
    0x0800028c   0x00000044   Code   RO         2694    .text               mc_w.l(strtok.o)
    0x080002d0   0x0000001a   Code   RO         2756    .text               mc_w.l(atoi.o)
    0x080002ea   0x0000002c   Code   RO         2775    .text               mc_w.l(uidiv.o)
    0x08000316   0x00000062   Code   RO         2777    .text               mc_w.l(uldiv.o)
    0x08000378   0x00000070   Code   RO         2792    .text               mc_w.l(strtol.o)
    0x080003e8   0x00000000   Code   RO         2794    .text               mc_w.l(iusefp.o)
    0x080003e8   0x0000014e   Code   RO         2795    .text               mf_w.l(dadd.o)
    0x08000536   0x000000e4   Code   RO         2797    .text               mf_w.l(dmul.o)
    0x0800061a   0x000000de   Code   RO         2799    .text               mf_w.l(ddiv.o)
    0x080006f8   0x00000030   Code   RO         2801    .text               mf_w.l(dfixul.o)
    0x08000728   0x00000030   Code   RO         2803    .text               mf_w.l(cdrcmple.o)
    0x08000758   0x00000024   Code   RO         2805    .text               mc_w.l(init.o)
    0x0800077c   0x0000001e   Code   RO         2808    .text               mc_w.l(llshl.o)
    0x0800079a   0x00000020   Code   RO         2810    .text               mc_w.l(llushr.o)
    0x080007ba   0x00000024   Code   RO         2812    .text               mc_w.l(llsshr.o)
    0x080007de   0x00000002   PAD
    0x080007e0   0x00000008   Code   RO         2814    .text               mc_w.l(ctype_o.o)
    0x080007e8   0x0000009e   Code   RO         2842    .text               mc_w.l(_strtoul.o)
    0x08000886   0x000000ba   Code   RO         2845    .text               mf_w.l(depilogue.o)
    0x08000940   0x0000001c   Code   RO         2847    .text               mc_w.l(_chval.o)
    0x0800095c   0x00000002   Code   RO          902    i.Error_Handler     main.o
    0x0800095e   0x00000002   PAD
    0x08000960   0x000001b0   Code   RO         1279    i.HAL_GPIO_Init     stm32f4xx_hal_gpio.o
    0x08000b10   0x0000000a   Code   RO         1283    i.HAL_GPIO_WritePin  stm32f4xx_hal_gpio.o
    0x08000b1a   0x00000002   PAD
    0x08000b1c   0x0000000c   Code   RO         1136    i.HAL_GetTick       stm32f4xx_hal.o
    0x08000b28   0x00000034   Code   RO         1139    i.HAL_Init          stm32f4xx_hal.o
    0x08000b5c   0x00000028   Code   RO         1140    i.HAL_InitTick      stm32f4xx_hal.o
    0x08000b84   0x00000058   Code   RO         1021    i.HAL_MspInit       stm32f4xx_hal_msp.o
    0x08000bdc   0x00000016   Code   RO         1570    i.HAL_NVIC_DisableIRQ  stm32f4xx_hal_cortex.o
    0x08000bf2   0x00000016   Code   RO         1571    i.HAL_NVIC_EnableIRQ  stm32f4xx_hal_cortex.o
    0x08000c08   0x00000040   Code   RO         1577    i.HAL_NVIC_SetPriority  stm32f4xx_hal_cortex.o
    0x08000c48   0x00000024   Code   RO         1578    i.HAL_NVIC_SetPriorityGrouping  stm32f4xx_hal_cortex.o
    0x08000c6c   0x0000017c   Code   RO         1743    i.HAL_RCC_ClockConfig  stm32f4xx_hal_rcc.o
    0x08000de8   0x0000000c   Code   RO         1748    i.HAL_RCC_GetHCLKFreq  stm32f4xx_hal_rcc.o
    0x08000df4   0x00000030   Code   RO         1750    i.HAL_RCC_GetPCLK1Freq  stm32f4xx_hal_rcc.o
    0x08000e24   0x00000030   Code   RO         1751    i.HAL_RCC_GetPCLK2Freq  stm32f4xx_hal_rcc.o
    0x08000e54   0x00000074   Code   RO         1752    i.HAL_RCC_GetSysClockFreq  stm32f4xx_hal_rcc.o
    0x08000ec8   0x00000314   Code   RO         1755    i.HAL_RCC_OscConfig  stm32f4xx_hal_rcc.o
    0x080011dc   0x00000018   Code   RO         1580    i.HAL_SYSTICK_CLKSourceConfig  stm32f4xx_hal_cortex.o
    0x080011f4   0x00000028   Code   RO         1582    i.HAL_SYSTICK_Config  stm32f4xx_hal_cortex.o
    0x0800121c   0x00000062   Code   RO         2163    i.HAL_UART_Init     stm32f4xx_hal_uart.o
    0x0800127e   0x00000002   PAD
    0x08001280   0x0000005c   Code   RO         1046    i.HAL_UART_MspInit  usart.o
    0x080012dc   0x00000108   Code   RO          997    i.MX_GPIO_Init      gpio.o
    0x080013e4   0x00000038   Code   RO         1047    i.MX_USART1_UART_Init  usart.o
    0x0800141c   0x00000020   Code   RO         2649    i.Msg_MemInit       message.o
    0x0800143c   0x00000020   Code   RO         1584    i.NVIC_SetPriority  stm32f4xx_hal_cortex.o
    0x0800145c   0x000000d4   Code   RO          237    i.OSInit            os_core.o
    0x08001530   0x00000024   Code   RO          125    i.OSInitHookBegin   os_cpu_c.o
    0x08001554   0x00000002   Code   RO          126    i.OSInitHookEnd     os_cpu_c.o
    0x08001556   0x00000002   PAD
    0x08001558   0x0000005c   Code   RO          239    i.OSIntExit         os_core.o
    0x080015b4   0x00000060   Code   RO          453    i.OSMemCreate       os_mem.o
    0x08001614   0x0000004e   Code   RO          548    i.OSQAccept         os_q.o
    0x08001662   0x00000002   PAD
    0x08001664   0x0000007c   Code   RO          549    i.OSQCreate         os_q.o
    0x080016e0   0x000000e0   Code   RO          550    i.OSQDel            os_q.o
    0x080017c0   0x000000dc   Code   RO          552    i.OSQPend           os_q.o
    0x0800189c   0x0000006a   Code   RO          554    i.OSQPost           os_q.o
    0x08001906   0x00000002   PAD
    0x08001908   0x0000002c   Code   RO          240    i.OSSchedLock       os_core.o
    0x08001934   0x0000003c   Code   RO          241    i.OSSchedUnlock     os_core.o
    0x08001970   0x00000040   Code   RO          621    i.OSSemCreate       os_sem.o
    0x080019b0   0x000000b8   Code   RO          623    i.OSSemPend         os_sem.o
    0x08001a68   0x00000052   Code   RO          625    i.OSSemPost         os_sem.o
    0x08001aba   0x00000002   PAD
    0x08001abc   0x00000030   Code   RO          242    i.OSStart           os_core.o
    0x08001aec   0x00000002   Code   RO          127    i.OSTCBInitHook     os_cpu_c.o
    0x08001aee   0x00000002   PAD
    0x08001af0   0x00000088   Code   RO          675    i.OSTaskCreate      os_task.o
    0x08001b78   0x0000009c   Code   RO          676    i.OSTaskCreateExt   os_task.o
    0x08001c14   0x00000002   Code   RO          128    i.OSTaskCreateHook  os_cpu_c.o
    0x08001c16   0x00000002   PAD
    0x08001c18   0x0000012c   Code   RO          677    i.OSTaskDel         os_task.o
    0x08001d44   0x00000002   Code   RO          129    i.OSTaskDelHook     os_cpu_c.o
    0x08001d46   0x00000002   Code   RO          130    i.OSTaskIdleHook    os_cpu_c.o
    0x08001d48   0x00000058   Code   RO          680    i.OSTaskNameSet     os_task.o
    0x08001da0   0x00000002   Code   RO          131    i.OSTaskReturnHook  os_cpu_c.o
    0x08001da2   0x00000002   PAD
    0x08001da4   0x00000078   Code   RO          133    i.OSTaskStkInit     os_cpu_c.o
    0x08001e1c   0x00000002   Code   RO          134    i.OSTaskSwHook      os_cpu_c.o
    0x08001e1e   0x00000002   PAD
    0x08001e20   0x000000a0   Code   RO          243    i.OSTimeTick        os_core.o
    0x08001ec0   0x0000001c   Code   RO          135    i.OSTimeTickHook    os_cpu_c.o
    0x08001edc   0x0000008c   Code   RO          812    i.OSTmrCreate       os_tmr.o
    0x08001f68   0x0000000c   Code   RO          816    i.OSTmrSignal       os_tmr.o
    0x08001f74   0x00000064   Code   RO          817    i.OSTmrStart        os_tmr.o
    0x08001fd8   0x000000ec   Code   RO          821    i.OSTmr_Init        os_tmr.o
    0x080020c4   0x0000004c   Code   RO          822    i.OSTmr_Link        os_tmr.o
    0x08002110   0x00000078   Code   RO          823    i.OSTmr_Task        os_tmr.o
    0x08002188   0x00000040   Code   RO          824    i.OSTmr_Unlink      os_tmr.o
    0x080021c8   0x00000024   Code   RO          136    i.OS_CPU_SysTickHandler  os_cpu_c.o
    0x080021ec   0x000000f8   Code   RO         2495    i.OS_CPU_USART1_IRQHandler  usart_it.o
    0x080022e4   0x00000002   Code   RO          245    i.OS_Dummy          os_core.o
    0x080022e6   0x00000002   PAD
    0x080022e8   0x00000064   Code   RO          246    i.OS_EventTaskRdy   os_core.o
    0x0800234c   0x00000020   Code   RO          247    i.OS_EventTaskRemove  os_core.o
    0x0800236c   0x00000048   Code   RO          248    i.OS_EventTaskWait  os_core.o
    0x080023b4   0x00000014   Code   RO          249    i.OS_EventWaitListInit  os_core.o
    0x080023c8   0x00000070   Code   RO          250    i.OS_InitTCBList    os_core.o
    0x08002438   0x00000012   Code   RO          251    i.OS_MemClr         os_core.o
    0x0800244a   0x00000002   PAD
    0x0800244c   0x0000004c   Code   RO          459    i.OS_MemInit        os_mem.o
    0x08002498   0x00000040   Code   RO          558    i.OS_QInit          os_q.o
    0x080024d8   0x00000048   Code   RO          253    i.OS_Sched          os_core.o
    0x08002520   0x00000020   Code   RO          254    i.OS_SchedNew       os_core.o
    0x08002540   0x000000f0   Code   RO          256    i.OS_TCBInit        os_core.o
    0x08002630   0x0000001c   Code   RO          257    i.OS_TaskIdle       os_core.o
    0x0800264c   0x00000018   Code   RO          688    i.OS_TaskReturn     os_task.o
    0x08002664   0x00000016   Code   RO          689    i.OS_TaskStkClr     os_task.o
    0x0800267a   0x00000002   PAD
    0x0800267c   0x000000a0   Code   RO          903    i.SystemClock_Config  main.o
    0x0800271c   0x00000054   Code   RO            5    i.SystemInit        system_stm32f4xx.o
    0x08002770   0x00000034   Code   RO         2496    i.Task_SHELL_Creat  usart_it.o
    0x080027a4   0x00000014   Code   RO         2497    i.Task_USART1_Creat  usart_it.o
    0x080027b8   0x000002ac   Code   RO         2189    i.UART_SetConfig    stm32f4xx_hal_uart.o
    0x08002a64   0x00000048   Code   RO         2498    i.USER_USART1_print  usart_it.o
    0x08002aac   0x0000002c   Code   RO         2500    i.Uart_Sendbuf_Init  usart_it.o
    0x08002ad8   0x0000007c   Code   RO         2464    i.User_App_Initial  ucosii_demo.o
    0x08002b54   0x0000002c   Code   RO         2706    i.__0vsnprintf      mc_w.l(printfa.o)
    0x08002b80   0x00000008   Code   RO         2785    i.__aeabi_errno_addr  mc_w.l(errno.o)
    0x08002b88   0x0000000e   Code   RO         2851    i.__scatterload_copy  mc_w.l(handlers.o)
    0x08002b96   0x00000002   Code   RO         2852    i.__scatterload_null  mc_w.l(handlers.o)
    0x08002b98   0x0000000e   Code   RO         2853    i.__scatterload_zeroinit  mc_w.l(handlers.o)
    0x08002ba6   0x00000002   PAD
    0x08002ba8   0x00000184   Code   RO         2708    i._fp_digits        mc_w.l(printfa.o)
    0x08002d2c   0x000006dc   Code   RO         2709    i._printf_core      mc_w.l(printfa.o)
    0x08003408   0x00000024   Code   RO         2710    i._printf_post_padding  mc_w.l(printfa.o)
    0x0800342c   0x0000002e   Code   RO         2711    i._printf_pre_padding  mc_w.l(printfa.o)
    0x0800345a   0x00000016   Code   RO         2712    i._snputc           mc_w.l(printfa.o)
    0x08003470   0x00000050   Code   RO         2728    i.free              mc_w.l(malloc.o)
    0x080034c0   0x000000dc   Code   RO         2501    i.help              usart_it.o
    0x0800359c   0x00000130   Code   RO         2502    i.led               usart_it.o
    0x080036cc   0x00000024   Code   RO          904    i.main              main.o
    0x080036f0   0x0000006c   Code   RO         2729    i.malloc            mc_w.l(malloc.o)
    0x0800375c   0x00000108   Code   RO         2503    i.shell_parse       usart_it.o
    0x08003864   0x0000001e   Code   RO         2504    i.shell_printf      usart_it.o
    0x08003882   0x00000002   PAD
    0x08003884   0x00000120   Code   RO         2505    i.task_USART1       usart_it.o
    0x080039a4   0x00000048   Code   RO         2506    i.testinput         usart_it.o
    0x080039ec   0x00000030   Code   RO         2507    i.timer_SHELL_timeout  usart_it.o
    0x08003a1c   0x00000010   Data   RO            6    .constdata          system_stm32f4xx.o
    0x08003a2c   0x00000008   Data   RO            7    .constdata          system_stm32f4xx.o
    0x08003a34   0x00000100   Data   RO          265    .constdata          os_core.o
    0x08003b34   0x00000081   Data   RO         2815    .constdata          mc_w.l(ctype_o.o)
    0x08003bb5   0x00000003   PAD
    0x08003bb8   0x00000004   Data   RO         2816    .constdata          mc_w.l(ctype_o.o)
    0x08003bbc   0x00000016   Data   RO         2509    .conststring        usart_it.o
    0x08003bd2   0x00000002   PAD
    0x08003bd4   0x00000020   Data   RO         2849    Region$$Table       anon$$obj.o


    Execution Region RW_IRAM1 (Base: 0x20000000, Size: 0x000019f8, Max: 0x00020000, ABSOLUTE)

    Base Addr    Size         Type   Attr      Idx    E Section Name        Object

    0x20000000   0x00000004   Data   RW            8    .data               system_stm32f4xx.o
    0x20000004   0x00000008   Data   RW          138    .data               os_cpu_c.o
    0x2000000c   0x00000034   Data   RW          266    .data               os_core.o
    0x20000040   0x00000004   Data   RW          267    .data               os_core.o
    0x20000044   0x00000004   Data   RW          268    .data               os_core.o
    0x20000048   0x00000002   Data   RW          269    .data               os_core.o
    0x2000004a   0x00000002   Data   RW          270    .data               os_core.o
    0x2000004c   0x00000004   Data   RW          271    .data               os_core.o
    0x20000050   0x00000004   Data   RW          272    .data               os_core.o
    0x20000054   0x00000004   Data   RW          273    .data               os_core.o
    0x20000058   0x00000004   Data   RW          274    .data               os_core.o
    0x2000005c   0x00000004   Data   RW         1145    .data               stm32f4xx_hal.o
    0x20000060   0x00000068   Data   RW         2510    .data               usart_it.o
    0x200000c8   0x00000004   Data   RW         2653    .data               message.o
    0x200000cc   0x00000004   Data   RW         2695    .data               mc_w.l(strtok.o)
    0x200000d0   0x00000004   Data   RW         2783    .data               mc_w.l(mvars.o)
    0x200000d4   0x00000004   Data   RW         2784    .data               mc_w.l(mvars.o)
    0x200000d8   0x00000004   Data   RW         2788    .data               mc_w.l(errno.o)
    0x200000dc   0x00000200   Zero   RW          137    .bss                os_cpu_c.o
    0x200002dc   0x0000070c   Zero   RW          259    .bss                os_core.o
    0x200009e8   0x00000048   Zero   RW          260    .bss                os_core.o
    0x20000a30   0x00000060   Zero   RW          261    .bss                os_core.o
    0x20000a90   0x00000280   Zero   RW          262    .bss                os_core.o
    0x20000d10   0x00000200   Zero   RW          263    .bss                os_core.o
    0x20000f10   0x00000040   Zero   RW          264    .bss                os_core.o
    0x20000f50   0x00000040   Zero   RW         1048    .bss                usart.o
    0x20000f90   0x00000050   Zero   RW         2465    .bss                ucosii_demo.o
    0x20000fe0   0x00000378   Zero   RW         2508    .bss                usart_it.o
    0x20001358   0x000000a0   Zero   RW         2652    .bss                message.o
    0x200013f8   0x00000200   Zero   RW          893    HEAP                startup_stm32f407xx.o
    0x200015f8   0x00000400   Zero   RW          892    STACK               startup_stm32f407xx.o


==============================================================================

Image component sizes


      Code (inc. data)   RO Data    RW Data    ZI Data      Debug   Object Name

       264         24          0          0          0       1091   gpio.o
       198          8          0          0          0       2980   main.o
        32          8          0          4        160       1794   message.o
      1344        138        256         80       3188      20136   os_core.o
       176         36          0          0          0        328   os_cpu_a.o
       234         30          0          8        512      14955   os_cpu_c.o
         0          0          0          0          0       8886   os_dbg.o
       172         18          0          0          0       2007   os_mem.o
       816         50          0          0          0       5576   os_q.o
       330         22          0          0          0       2650   os_sem.o
       726         84          0          0          0       5325   os_task.o
       748        122          0          0          0       5662   os_tmr.o
        36          8        392          0       1536        832   startup_stm32f407xx.o
       104         16          0          4          0       3397   stm32f4xx_hal.o
       240         14          0          0          0      31843   stm32f4xx_hal_cortex.o
       442         44          0          0          0       2472   stm32f4xx_hal_gpio.o
        88          0          0          0          0        538   stm32f4xx_hal_msp.o
      1392         80          0          0          0       5776   stm32f4xx_hal_rcc.o
       782          8          0          0          0       2104   stm32f4xx_hal_uart.o
        84         18         24          4          0     648275   system_stm32f4xx.o
       124         12          0          0         80       1996   ucosii_demo.o
       148         20          0          0         64       1710   usart.o
      1662        588         22        104        888      10502   usart_it.o

    ----------------------------------------------------------------------
     10172       1348        728        204       6428     780835   Object Totals
         0          0         32          0          0          0   (incl. Generated)
        30          0          2          0          0          0   (incl. Padding)

    ----------------------------------------------------------------------

      Code (inc. data)   RO Data    RW Data    ZI Data      Debug   Library Member Name

        28          0          0          0          0         68   _chval.o
       158          0          0          0          0         92   _strtoul.o
        26          0          0          0          0         80   atoi.o
         8          4        133          0          0         68   ctype_o.o
         0          0          0          0          0          0   entry.o
         0          0          0          0          0          0   entry10a.o
         0          0          0          0          0          0   entry11a.o
         8          4          0          0          0          0   entry2.o
         4          0          0          0          0          0   entry5.o
         0          0          0          0          0          0   entry7b.o
         0          0          0          0          0          0   entry8b.o
         8          4          0          0          0          0   entry9a.o
         8          4          0          4          0         68   errno.o
        30          0          0          0          0          0   handlers.o
        36          8          0          0          0         68   init.o
         0          0          0          0          0          0   iusefp.o
        30          0          0          0          0         68   llshl.o
        36          0          0          0          0         68   llsshr.o
        32          0          0          0          0         68   llushr.o
       188         20          0          0          0        160   malloc.o
         0          0          0          8          0          0   mvars.o
      2292         84          0          0          0        516   printfa.o
        28          0          0          0          0         76   strcmp.o
        68          6          0          4          0         80   strtok.o
       112          0          0          0          0         88   strtol.o
        44          0          0          0          0         80   uidiv.o
        98          0          0          0          0         92   uldiv.o
        48          0          0          0          0         68   cdrcmple.o
       334          0          0          0          0        148   dadd.o
       222          0          0          0          0        100   ddiv.o
       186          0          0          0          0        176   depilogue.o
        48          0          0          0          0         68   dfixul.o
       228          0          0          0          0         96   dmul.o

    ----------------------------------------------------------------------
      4312        134        136         16          0       2396   Library Totals
         4          0          3          0          0          0   (incl. Padding)

    ----------------------------------------------------------------------

      Code (inc. data)   RO Data    RW Data    ZI Data      Debug   Library Name

      3242        134        133         16          0       1740   mc_w.l
      1066          0          0          0          0        656   mf_w.l

    ----------------------------------------------------------------------
      4312        134        136         16          0       2396   Library Totals

    ----------------------------------------------------------------------

==============================================================================


      Code (inc. data)   RO Data    RW Data    ZI Data      Debug   

     14484       1482        864        220       6428     773487   Grand Totals
     14484       1482        864        220       6428     773487   ELF Image Totals
     14484       1482        864        220          0          0   ROM Totals

==============================================================================

    Total RO  Size (Code + RO Data)                15348 (  14.99kB)
    Total RW  Size (RW Data + ZI Data)              6648 (   6.49kB)
    Total ROM Size (Code + RO Data + RW Data)      15568 (  15.20kB)

==============================================================================

